AiM WR_GB 64 0 0x3
AiM MAC_ABK 64 0x3 3
AiM MAC_ABK 64 0x3 5
AiM WR_GB 64 0 0x3
AiM MAC_ABK 64 0x3 4
AiM MAC_ABK 64 0x3 6
AiM RD_MAC 0 0x3
AiM RD_MAC 0 0x3
AiM WR_GB 64 0 0x3
AiM MAC_ABK 64 0x3 7
AiM MAC_ABK 64 0x3 9
AiM WR_GB 64 0 0x3
AiM MAC_ABK 64 0x3 8
AiM MAC_ABK 64 0x3 10
AiM RD_MAC 0 0x3
AiM RD_MAC 0 0x3
AiM WR_GB 64 0 0x3
AiM MAC_ABK 64 0x3 11
AiM MAC_ABK 64 0x3 13
AiM WR_GB 64 0 0x3
AiM MAC_ABK 64 0x3 12
AiM MAC_ABK 64 0x3 14
AiM RD_MAC 0 0x3
AiM RD_MAC 0 0x3
AiM WR_GB 64 0 0x3
AiM MAC_ABK 64 0x3 15
AiM MAC_ABK 64 0x3 17
AiM WR_GB 64 0 0x3
AiM MAC_ABK 64 0x3 16
AiM MAC_ABK 64 0x3 18
AiM RD_MAC 0 0x3
AiM RD_MAC 0 0x3
AiM WR_GB 64 0 0x3
AiM MAC_ABK 64 0x3 19
AiM MAC_ABK 64 0x3 21
AiM WR_GB 64 0 0x3
AiM MAC_ABK 64 0x3 20
AiM MAC_ABK 64 0x3 22
AiM RD_MAC 0 0x3
AiM RD_MAC 0 0x3
AiM WR_GB 64 0 0x3
AiM MAC_ABK 64 0x3 23
AiM MAC_ABK 64 0x3 25
AiM WR_GB 64 0 0x3
AiM MAC_ABK 64 0x3 24
AiM MAC_ABK 64 0x3 26
AiM RD_MAC 0 0x3
AiM RD_MAC 0 0x3
AiM WR_GB 64 0 0x3
AiM MAC_ABK 64 0x3 27
AiM MAC_ABK 64 0x3 29
AiM WR_GB 64 0 0x3
AiM MAC_ABK 64 0x3 28
AiM MAC_ABK 64 0x3 30
AiM RD_MAC 0 0x3
AiM RD_MAC 0 0x3
AiM WR_GB 64 0 0x3
AiM MAC_ABK 64 0x3 31
AiM MAC_ABK 64 0x3 33
AiM WR_GB 64 0 0x3
AiM MAC_ABK 64 0x3 32
AiM MAC_ABK 64 0x3 34
AiM RD_MAC 0 0x3
AiM RD_MAC 0 0x3
AiM WR_GB 64 0 0x3
AiM MAC_ABK 64 0x3 35
AiM MAC_ABK 64 0x3 37
AiM WR_GB 64 0 0x3
AiM MAC_ABK 64 0x3 36
AiM MAC_ABK 64 0x3 38
AiM RD_MAC 0 0x3
AiM RD_MAC 0 0x3
AiM WR_GB 64 0 0x3
AiM MAC_ABK 64 0x3 39
AiM MAC_ABK 64 0x3 41
AiM WR_GB 64 0 0x3
AiM MAC_ABK 64 0x3 40
AiM MAC_ABK 64 0x3 42
AiM RD_MAC 0 0x3
AiM RD_MAC 0 0x3
AiM WR_GB 64 0 0x3
AiM MAC_ABK 64 0x3 43
AiM MAC_ABK 64 0x3 45
AiM WR_GB 64 0 0x3
AiM MAC_ABK 64 0x3 44
AiM MAC_ABK 64 0x3 46
AiM RD_MAC 0 0x3
AiM RD_MAC 0 0x3
AiM WR_GB 64 0 0x3
AiM MAC_ABK 64 0x3 47
AiM MAC_ABK 64 0x3 49
AiM WR_GB 64 0 0x3
AiM MAC_ABK 64 0x3 48
AiM MAC_ABK 64 0x3 50
AiM RD_MAC 0 0x3
AiM RD_MAC 0 0x3
AiM WR_GB 64 0 0x3
AiM MAC_ABK 64 0x3 51
AiM MAC_ABK 64 0x3 53
AiM WR_GB 64 0 0x3
AiM MAC_ABK 64 0x3 52
AiM MAC_ABK 64 0x3 54
AiM RD_MAC 0 0x3
AiM RD_MAC 0 0x3
AiM WR_GB 64 0 0x3
AiM MAC_ABK 64 0x3 55
AiM MAC_ABK 64 0x3 57
AiM WR_GB 64 0 0x3
AiM MAC_ABK 64 0x3 56
AiM MAC_ABK 64 0x3 58
AiM RD_MAC 0 0x3
AiM RD_MAC 0 0x3
AiM WR_GB 64 0 0x3
AiM MAC_ABK 64 0x3 59
AiM MAC_ABK 64 0x3 61
AiM WR_GB 64 0 0x3
AiM MAC_ABK 64 0x3 60
AiM MAC_ABK 64 0x3 62
AiM RD_MAC 0 0x3
AiM RD_MAC 0 0x3
AiM WR_GB 64 0 0x3
AiM MAC_ABK 64 0x3 63
AiM MAC_ABK 64 0x3 65
AiM WR_GB 64 0 0x3
AiM MAC_ABK 64 0x3 64
AiM MAC_ABK 64 0x3 66
AiM RD_MAC 0 0x3
AiM RD_MAC 0 0x3
AiM WR_GB 64 0 0x3
AiM MAC_ABK 64 0x3 67
AiM MAC_ABK 64 0x3 69
AiM WR_GB 64 0 0x3
AiM MAC_ABK 64 0x3 68
AiM MAC_ABK 64 0x3 70
AiM RD_MAC 0 0x3
AiM RD_MAC 0 0x3
AiM WR_GB 64 0 0x3
AiM MAC_ABK 64 0x3 71
AiM MAC_ABK 64 0x3 73
AiM WR_GB 64 0 0x3
AiM MAC_ABK 64 0x3 72
AiM MAC_ABK 64 0x3 74
AiM RD_MAC 0 0x3
AiM RD_MAC 0 0x3
AiM WR_GB 64 0 0x3
AiM MAC_ABK 64 0x3 75
AiM MAC_ABK 64 0x3 77
AiM WR_GB 64 0 0x3
AiM MAC_ABK 64 0x3 76
AiM MAC_ABK 64 0x3 78
AiM RD_MAC 0 0x3
AiM RD_MAC 0 0x3
AiM WR_GB 64 0 0x3
AiM MAC_ABK 64 0x3 79
AiM MAC_ABK 64 0x3 81
AiM WR_GB 64 0 0x3
AiM MAC_ABK 64 0x3 80
AiM MAC_ABK 64 0x3 82
AiM RD_MAC 0 0x3
AiM RD_MAC 0 0x3
AiM WR_GB 64 0 0x3
AiM MAC_ABK 64 0x3 83
AiM MAC_ABK 64 0x3 85
AiM WR_GB 64 0 0x3
AiM MAC_ABK 64 0x3 84
AiM MAC_ABK 64 0x3 86
AiM RD_MAC 0 0x3
AiM RD_MAC 0 0x3
AiM WR_GB 64 0 0x3
AiM MAC_ABK 64 0x3 87
AiM MAC_ABK 64 0x3 89
AiM WR_GB 64 0 0x3
AiM MAC_ABK 64 0x3 88
AiM MAC_ABK 64 0x3 90
AiM RD_MAC 0 0x3
AiM RD_MAC 0 0x3
AiM WR_GB 64 0 0x3
AiM MAC_ABK 64 0x3 91
AiM MAC_ABK 64 0x3 93
AiM WR_GB 64 0 0x3
AiM MAC_ABK 64 0x3 92
AiM MAC_ABK 64 0x3 94
AiM RD_MAC 0 0x3
AiM RD_MAC 0 0x3
AiM WR_GB 64 0 0x3
AiM MAC_ABK 64 0x3 95
AiM MAC_ABK 64 0x3 97
AiM WR_GB 64 0 0x3
AiM MAC_ABK 64 0x3 96
AiM MAC_ABK 64 0x3 98
AiM RD_MAC 0 0x3
AiM RD_MAC 0 0x3
AiM WR_GB 64 0 0x3
AiM MAC_ABK 64 0x3 99
AiM MAC_ABK 64 0x3 101
AiM WR_GB 64 0 0x3
AiM MAC_ABK 64 0x3 100
AiM MAC_ABK 64 0x3 102
AiM RD_MAC 0 0x3
AiM RD_MAC 0 0x3
AiM WR_GB 64 0 0x3
AiM MAC_ABK 64 0x3 103
AiM MAC_ABK 64 0x3 105
AiM WR_GB 64 0 0x3
AiM MAC_ABK 64 0x3 104
AiM MAC_ABK 64 0x3 106
AiM RD_MAC 0 0x3
AiM RD_MAC 0 0x3
AiM WR_GB 64 0 0x3
AiM MAC_ABK 64 0x3 107
AiM MAC_ABK 64 0x3 109
AiM WR_GB 64 0 0x3
AiM MAC_ABK 64 0x3 108
AiM MAC_ABK 64 0x3 110
AiM RD_MAC 0 0x3
AiM RD_MAC 0 0x3
AiM WR_GB 64 0 0x3
AiM MAC_ABK 64 0x3 111
AiM MAC_ABK 64 0x3 113
AiM WR_GB 64 0 0x3
AiM MAC_ABK 64 0x3 112
AiM MAC_ABK 64 0x3 114
AiM RD_MAC 0 0x3
AiM RD_MAC 0 0x3
AiM WR_GB 64 0 0x3
AiM MAC_ABK 64 0x3 115
AiM MAC_ABK 64 0x3 117
AiM WR_GB 64 0 0x3
AiM MAC_ABK 64 0x3 116
AiM MAC_ABK 64 0x3 118
AiM RD_MAC 0 0x3
AiM RD_MAC 0 0x3
AiM WR_GB 64 0 0x3
AiM MAC_ABK 64 0x3 119
AiM MAC_ABK 64 0x3 121
AiM WR_GB 64 0 0x3
AiM MAC_ABK 64 0x3 120
AiM MAC_ABK 64 0x3 122
AiM RD_MAC 0 0x3
AiM RD_MAC 0 0x3
AiM WR_GB 64 0 0x3
AiM MAC_ABK 64 0x3 123
AiM MAC_ABK 64 0x3 125
AiM WR_GB 64 0 0x3
AiM MAC_ABK 64 0x3 124
AiM MAC_ABK 64 0x3 126
AiM RD_MAC 0 0x3
AiM RD_MAC 0 0x3
AiM WR_GB 64 0 0x3
AiM MAC_ABK 64 0x3 127
AiM MAC_ABK 64 0x3 129
AiM WR_GB 64 0 0x3
AiM MAC_ABK 64 0x3 128
AiM MAC_ABK 64 0x3 130
AiM RD_MAC 0 0x3
AiM RD_MAC 0 0x3
AiM WR_GB 64 0 0x3
AiM MAC_ABK 64 0x3 131
AiM MAC_ABK 64 0x3 133
AiM WR_GB 64 0 0x3
AiM MAC_ABK 64 0x3 132
AiM MAC_ABK 64 0x3 134
AiM RD_MAC 0 0x3
AiM RD_MAC 0 0x3
AiM WR_GB 64 0 0x3
AiM MAC_ABK 64 0x3 135
AiM MAC_ABK 64 0x3 137
AiM WR_GB 64 0 0x3
AiM MAC_ABK 64 0x3 136
AiM MAC_ABK 64 0x3 138
AiM RD_MAC 0 0x3
AiM RD_MAC 0 0x3
AiM WR_GB 64 0 0x3
AiM MAC_ABK 64 0x3 139
AiM MAC_ABK 64 0x3 141
AiM WR_GB 64 0 0x3
AiM MAC_ABK 64 0x3 140
AiM MAC_ABK 64 0x3 142
AiM RD_MAC 0 0x3
AiM RD_MAC 0 0x3
AiM WR_GB 64 0 0x3
AiM MAC_ABK 64 0x3 143
AiM MAC_ABK 64 0x3 145
AiM WR_GB 64 0 0x3
AiM MAC_ABK 64 0x3 144
AiM MAC_ABK 64 0x3 146
AiM RD_MAC 0 0x3
AiM RD_MAC 0 0x3
AiM WR_GB 64 0 0x3
AiM MAC_ABK 64 0x3 147
AiM MAC_ABK 64 0x3 149
AiM WR_GB 64 0 0x3
AiM MAC_ABK 64 0x3 148
AiM MAC_ABK 64 0x3 150
AiM RD_MAC 0 0x3
AiM RD_MAC 0 0x3
AiM WR_GB 64 0 0x3
AiM MAC_ABK 64 0x3 151
AiM MAC_ABK 64 0x3 153
AiM WR_GB 64 0 0x3
AiM MAC_ABK 64 0x3 152
AiM MAC_ABK 64 0x3 154
AiM RD_MAC 0 0x3
AiM RD_MAC 0 0x3
AiM WR_GB 64 0 0x3
AiM MAC_ABK 64 0x3 155
AiM MAC_ABK 64 0x3 157
AiM WR_GB 64 0 0x3
AiM MAC_ABK 64 0x3 156
AiM MAC_ABK 64 0x3 158
AiM RD_MAC 0 0x3
AiM RD_MAC 0 0x3
AiM WR_GB 64 0 0x3
AiM MAC_ABK 64 0x3 159
AiM MAC_ABK 64 0x3 161
AiM WR_GB 64 0 0x3
AiM MAC_ABK 64 0x3 160
AiM MAC_ABK 64 0x3 162
AiM RD_MAC 0 0x3
AiM RD_MAC 0 0x3
AiM WR_GB 64 0 0x3
AiM MAC_ABK 64 0x3 163
AiM MAC_ABK 64 0x3 165
AiM WR_GB 64 0 0x3
AiM MAC_ABK 64 0x3 164
AiM MAC_ABK 64 0x3 166
AiM RD_MAC 0 0x3
AiM RD_MAC 0 0x3
AiM WR_GB 64 0 0x3
AiM MAC_ABK 64 0x3 167
AiM MAC_ABK 64 0x3 169
AiM WR_GB 64 0 0x3
AiM MAC_ABK 64 0x3 168
AiM MAC_ABK 64 0x3 170
AiM RD_MAC 0 0x3
AiM RD_MAC 0 0x3
AiM WR_GB 64 0 0x3
AiM MAC_ABK 64 0x3 171
AiM MAC_ABK 64 0x3 173
AiM WR_GB 64 0 0x3
AiM MAC_ABK 64 0x3 172
AiM MAC_ABK 64 0x3 174
AiM RD_MAC 0 0x3
AiM RD_MAC 0 0x3
AiM WR_GB 64 0 0x3
AiM MAC_ABK 64 0x3 175
AiM MAC_ABK 64 0x3 177
AiM WR_GB 64 0 0x3
AiM MAC_ABK 64 0x3 176
AiM MAC_ABK 64 0x3 178
AiM RD_MAC 0 0x3
AiM RD_MAC 0 0x3
AiM WR_GB 64 0 0x3
AiM MAC_ABK 64 0x3 179
AiM MAC_ABK 64 0x3 181
AiM WR_GB 64 0 0x3
AiM MAC_ABK 64 0x3 180
AiM MAC_ABK 64 0x3 182
AiM RD_MAC 0 0x3
AiM RD_MAC 0 0x3
AiM WR_GB 64 0 0x3
AiM MAC_ABK 64 0x3 183
AiM MAC_ABK 64 0x3 185
AiM WR_GB 64 0 0x3
AiM MAC_ABK 64 0x3 184
AiM MAC_ABK 64 0x3 186
AiM RD_MAC 0 0x3
AiM RD_MAC 0 0x3
AiM WR_GB 64 0 0x3
AiM MAC_ABK 64 0x3 187
AiM MAC_ABK 64 0x3 189
AiM WR_GB 64 0 0x3
AiM MAC_ABK 64 0x3 188
AiM MAC_ABK 64 0x3 190
AiM RD_MAC 0 0x3
AiM RD_MAC 0 0x3
AiM WR_GB 64 0 0x3
AiM MAC_ABK 64 0x3 191
AiM MAC_ABK 64 0x3 193
AiM WR_GB 64 0 0x3
AiM MAC_ABK 64 0x3 192
AiM MAC_ABK 64 0x3 194
AiM RD_MAC 0 0x3
AiM RD_MAC 0 0x3
AiM WR_GB 64 0 0x3
AiM MAC_ABK 64 0x3 398
AiM MAC_ABK 64 0x3 400
AiM WR_GB 64 0 0x3
AiM MAC_ABK 64 0x3 399
AiM MAC_ABK 64 0x3 401
AiM RD_MAC 0 0x3
AiM RD_MAC 0 0x3
AiM WR_GB 64 0 0x3
AiM MAC_ABK 64 0x3 402
AiM MAC_ABK 64 0x3 404
AiM WR_GB 64 0 0x3
AiM MAC_ABK 64 0x3 403
AiM MAC_ABK 64 0x3 405
AiM RD_MAC 0 0x3
AiM RD_MAC 0 0x3
AiM WR_GB 64 0 0x3
AiM MAC_ABK 64 0x3 406
AiM MAC_ABK 64 0x3 408
AiM WR_GB 64 0 0x3
AiM MAC_ABK 64 0x3 407
AiM MAC_ABK 64 0x3 409
AiM RD_MAC 0 0x3
AiM RD_MAC 0 0x3
AiM WR_GB 64 0 0x3
AiM MAC_ABK 64 0x3 410
AiM MAC_ABK 64 0x3 412
AiM WR_GB 64 0 0x3
AiM MAC_ABK 64 0x3 411
AiM MAC_ABK 64 0x3 413
AiM RD_MAC 0 0x3
AiM RD_MAC 0 0x3
AiM WR_GB 64 0 0x3
AiM MAC_ABK 64 0x3 414
AiM MAC_ABK 64 0x3 416
AiM WR_GB 64 0 0x3
AiM MAC_ABK 64 0x3 415
AiM MAC_ABK 64 0x3 417
AiM RD_MAC 0 0x3
AiM RD_MAC 0 0x3
AiM WR_GB 64 0 0x3
AiM MAC_ABK 64 0x3 418
AiM MAC_ABK 64 0x3 420
AiM WR_GB 64 0 0x3
AiM MAC_ABK 64 0x3 419
AiM MAC_ABK 64 0x3 421
AiM RD_MAC 0 0x3
AiM RD_MAC 0 0x3
AiM WR_GB 64 0 0x3
AiM MAC_ABK 64 0x3 422
AiM MAC_ABK 64 0x3 424
AiM WR_GB 64 0 0x3
AiM MAC_ABK 64 0x3 423
AiM MAC_ABK 64 0x3 425
AiM RD_MAC 0 0x3
AiM RD_MAC 0 0x3
AiM WR_GB 64 0 0x3
AiM MAC_ABK 64 0x3 426
AiM MAC_ABK 64 0x3 428
AiM WR_GB 64 0 0x3
AiM MAC_ABK 64 0x3 427
AiM MAC_ABK 64 0x3 429
AiM RD_MAC 0 0x3
AiM RD_MAC 0 0x3
AiM WR_GB 64 0 0x3
AiM MAC_ABK 64 0x3 430
AiM MAC_ABK 64 0x3 432
AiM WR_GB 64 0 0x3
AiM MAC_ABK 64 0x3 431
AiM MAC_ABK 64 0x3 433
AiM RD_MAC 0 0x3
AiM RD_MAC 0 0x3
AiM WR_GB 64 0 0x3
AiM MAC_ABK 64 0x3 434
AiM MAC_ABK 64 0x3 436
AiM WR_GB 64 0 0x3
AiM MAC_ABK 64 0x3 435
AiM MAC_ABK 64 0x3 437
AiM RD_MAC 0 0x3
AiM RD_MAC 0 0x3
AiM WR_GB 64 0 0x3
AiM MAC_ABK 64 0x3 438
AiM MAC_ABK 64 0x3 440
AiM WR_GB 64 0 0x3
AiM MAC_ABK 64 0x3 439
AiM MAC_ABK 64 0x3 441
AiM RD_MAC 0 0x3
AiM RD_MAC 0 0x3
AiM WR_GB 64 0 0x3
AiM MAC_ABK 64 0x3 442
AiM MAC_ABK 64 0x3 444
AiM WR_GB 64 0 0x3
AiM MAC_ABK 64 0x3 443
AiM MAC_ABK 64 0x3 445
AiM RD_MAC 0 0x3
AiM RD_MAC 0 0x3
AiM WR_GB 64 0 0x3
AiM MAC_ABK 64 0x3 446
AiM MAC_ABK 64 0x3 448
AiM WR_GB 64 0 0x3
AiM MAC_ABK 64 0x3 447
AiM MAC_ABK 64 0x3 449
AiM RD_MAC 0 0x3
AiM RD_MAC 0 0x3
AiM WR_GB 64 0 0x3
AiM MAC_ABK 64 0x3 450
AiM MAC_ABK 64 0x3 452
AiM WR_GB 64 0 0x3
AiM MAC_ABK 64 0x3 451
AiM MAC_ABK 64 0x3 453
AiM RD_MAC 0 0x3
AiM RD_MAC 0 0x3
AiM WR_GB 64 0 0x3
AiM MAC_ABK 64 0x3 454
AiM MAC_ABK 64 0x3 456
AiM WR_GB 64 0 0x3
AiM MAC_ABK 64 0x3 455
AiM MAC_ABK 64 0x3 457
AiM RD_MAC 0 0x3
AiM RD_MAC 0 0x3
AiM WR_GB 64 0 0x3
AiM MAC_ABK 64 0x3 458
AiM MAC_ABK 64 0x3 460
AiM WR_GB 64 0 0x3
AiM MAC_ABK 64 0x3 459
AiM MAC_ABK 64 0x3 461
AiM RD_MAC 0 0x3
AiM RD_MAC 0 0x3
AiM WR_GB 64 0 0x3
AiM MAC_ABK 64 0x3 462
AiM MAC_ABK 64 0x3 464
AiM WR_GB 64 0 0x3
AiM MAC_ABK 64 0x3 463
AiM MAC_ABK 64 0x3 465
AiM RD_MAC 0 0x3
AiM RD_MAC 0 0x3
AiM WR_GB 64 0 0x3
AiM MAC_ABK 64 0x3 466
AiM MAC_ABK 64 0x3 468
AiM WR_GB 64 0 0x3
AiM MAC_ABK 64 0x3 467
AiM MAC_ABK 64 0x3 469
AiM RD_MAC 0 0x3
AiM RD_MAC 0 0x3
AiM WR_GB 64 0 0x3
AiM MAC_ABK 64 0x3 470
AiM MAC_ABK 64 0x3 472
AiM WR_GB 64 0 0x3
AiM MAC_ABK 64 0x3 471
AiM MAC_ABK 64 0x3 473
AiM RD_MAC 0 0x3
AiM RD_MAC 0 0x3
AiM WR_GB 64 0 0x3
AiM MAC_ABK 64 0x3 474
AiM MAC_ABK 64 0x3 476
AiM WR_GB 64 0 0x3
AiM MAC_ABK 64 0x3 475
AiM MAC_ABK 64 0x3 477
AiM RD_MAC 0 0x3
AiM RD_MAC 0 0x3
AiM WR_GB 64 0 0x3
AiM MAC_ABK 64 0x3 478
AiM MAC_ABK 64 0x3 480
AiM WR_GB 64 0 0x3
AiM MAC_ABK 64 0x3 479
AiM MAC_ABK 64 0x3 481
AiM RD_MAC 0 0x3
AiM RD_MAC 0 0x3
AiM WR_GB 64 0 0x3
AiM MAC_ABK 64 0x3 482
AiM MAC_ABK 64 0x3 484
AiM WR_GB 64 0 0x3
AiM MAC_ABK 64 0x3 483
AiM MAC_ABK 64 0x3 485
AiM RD_MAC 0 0x3
AiM RD_MAC 0 0x3
AiM WR_GB 64 0 0x3
AiM MAC_ABK 64 0x3 486
AiM MAC_ABK 64 0x3 488
AiM WR_GB 64 0 0x3
AiM MAC_ABK 64 0x3 487
AiM MAC_ABK 64 0x3 489
AiM RD_MAC 0 0x3
AiM RD_MAC 0 0x3
AiM WR_GB 64 0 0x3
AiM MAC_ABK 64 0x3 490
AiM MAC_ABK 64 0x3 492
AiM WR_GB 64 0 0x3
AiM MAC_ABK 64 0x3 491
AiM MAC_ABK 64 0x3 493
AiM RD_MAC 0 0x3
AiM RD_MAC 0 0x3
AiM WR_GB 64 0 0x3
AiM MAC_ABK 64 0x3 494
AiM MAC_ABK 64 0x3 496
AiM WR_GB 64 0 0x3
AiM MAC_ABK 64 0x3 495
AiM MAC_ABK 64 0x3 497
AiM RD_MAC 0 0x3
AiM RD_MAC 0 0x3
AiM WR_GB 64 0 0x3
AiM MAC_ABK 64 0x3 498
AiM MAC_ABK 64 0x3 500
AiM WR_GB 64 0 0x3
AiM MAC_ABK 64 0x3 499
AiM MAC_ABK 64 0x3 501
AiM RD_MAC 0 0x3
AiM RD_MAC 0 0x3
AiM WR_GB 64 0 0x3
AiM MAC_ABK 64 0x3 502
AiM MAC_ABK 64 0x3 504
AiM WR_GB 64 0 0x3
AiM MAC_ABK 64 0x3 503
AiM MAC_ABK 64 0x3 505
AiM RD_MAC 0 0x3
AiM RD_MAC 0 0x3
AiM WR_GB 64 0 0x3
AiM MAC_ABK 64 0x3 506
AiM MAC_ABK 64 0x3 508
AiM WR_GB 64 0 0x3
AiM MAC_ABK 64 0x3 507
AiM MAC_ABK 64 0x3 509
AiM RD_MAC 0 0x3
AiM RD_MAC 0 0x3
AiM WR_GB 64 0 0x3
AiM MAC_ABK 64 0x3 510
AiM MAC_ABK 64 0x3 512
AiM WR_GB 64 0 0x3
AiM MAC_ABK 64 0x3 511
AiM MAC_ABK 64 0x3 513
AiM RD_MAC 0 0x3
AiM RD_MAC 0 0x3
AiM WR_GB 64 0 0x3
AiM MAC_ABK 64 0x3 514
AiM MAC_ABK 64 0x3 516
AiM WR_GB 64 0 0x3
AiM MAC_ABK 64 0x3 515
AiM MAC_ABK 64 0x3 517
AiM RD_MAC 0 0x3
AiM RD_MAC 0 0x3
AiM WR_GB 64 0 0x3
AiM MAC_ABK 64 0x3 518
AiM MAC_ABK 64 0x3 520
AiM WR_GB 64 0 0x3
AiM MAC_ABK 64 0x3 519
AiM MAC_ABK 64 0x3 521
AiM RD_MAC 0 0x3
AiM RD_MAC 0 0x3
AiM WR_GB 64 0 0x3
AiM MAC_ABK 64 0x3 522
AiM MAC_ABK 64 0x3 524
AiM WR_GB 64 0 0x3
AiM MAC_ABK 64 0x3 523
AiM MAC_ABK 64 0x3 525
AiM RD_MAC 0 0x3
AiM RD_MAC 0 0x3
AiM WR_GB 64 0 0x3
AiM MAC_ABK 64 0x3 529
AiM WR_GB 64 0 0x3
AiM MAC_ABK 64 0x3 530
AiM AF 0x3
AiM RD_AF 0 0x3
AiM RD_MAC 0 0x3
AiM WR_GB 64 0 0x3
AiM MAC_ABK 64 0x3 531
AiM WR_GB 64 0 0x3
AiM MAC_ABK 64 0x3 532
AiM AF 0x3
AiM RD_AF 0 0x3
AiM RD_MAC 0 0x3
AiM WR_GB 64 0 0x3
AiM MAC_ABK 64 0x3 533
AiM WR_GB 64 0 0x3
AiM MAC_ABK 64 0x3 534
AiM AF 0x3
AiM RD_AF 0 0x3
AiM RD_MAC 0 0x3
AiM WR_GB 64 0 0x3
AiM MAC_ABK 64 0x3 535
AiM WR_GB 64 0 0x3
AiM MAC_ABK 64 0x3 536
AiM AF 0x3
AiM RD_AF 0 0x3
AiM RD_MAC 0 0x3
AiM WR_GB 64 0 0x3
AiM MAC_ABK 64 0x3 537
AiM WR_GB 64 0 0x3
AiM MAC_ABK 64 0x3 538
AiM AF 0x3
AiM RD_AF 0 0x3
AiM RD_MAC 0 0x3
AiM WR_GB 64 0 0x3
AiM MAC_ABK 64 0x3 539
AiM WR_GB 64 0 0x3
AiM MAC_ABK 64 0x3 540
AiM AF 0x3
AiM RD_AF 0 0x3
AiM RD_MAC 0 0x3
AiM WR_GB 64 0 0x3
AiM MAC_ABK 64 0x3 541
AiM WR_GB 64 0 0x3
AiM MAC_ABK 64 0x3 542
AiM AF 0x3
AiM RD_AF 0 0x3
AiM RD_MAC 0 0x3
AiM WR_GB 64 0 0x3
AiM MAC_ABK 64 0x3 543
AiM WR_GB 64 0 0x3
AiM MAC_ABK 64 0x3 544
AiM AF 0x3
AiM RD_AF 0 0x3
AiM RD_MAC 0 0x3
AiM WR_GB 64 0 0x3
AiM MAC_ABK 64 0x3 545
AiM WR_GB 64 0 0x3
AiM MAC_ABK 64 0x3 546
AiM AF 0x3
AiM RD_AF 0 0x3
AiM RD_MAC 0 0x3
AiM WR_GB 64 0 0x3
AiM MAC_ABK 64 0x3 547
AiM WR_GB 64 0 0x3
AiM MAC_ABK 64 0x3 548
AiM AF 0x3
AiM RD_AF 0 0x3
AiM RD_MAC 0 0x3
AiM WR_GB 64 0 0x3
AiM MAC_ABK 64 0x3 549
AiM WR_GB 64 0 0x3
AiM MAC_ABK 64 0x3 550
AiM AF 0x3
AiM RD_AF 0 0x3
AiM RD_MAC 0 0x3
AiM WR_GB 64 0 0x3
AiM MAC_ABK 64 0x3 551
AiM WR_GB 64 0 0x3
AiM MAC_ABK 64 0x3 552
AiM AF 0x3
AiM RD_AF 0 0x3
AiM RD_MAC 0 0x3
AiM WR_GB 64 0 0x3
AiM MAC_ABK 64 0x3 553
AiM WR_GB 64 0 0x3
AiM MAC_ABK 64 0x3 554
AiM AF 0x3
AiM RD_AF 0 0x3
AiM RD_MAC 0 0x3
AiM WR_GB 64 0 0x3
AiM MAC_ABK 64 0x3 555
AiM WR_GB 64 0 0x3
AiM MAC_ABK 64 0x3 556
AiM AF 0x3
AiM RD_AF 0 0x3
AiM RD_MAC 0 0x3
AiM WR_GB 64 0 0x3
AiM MAC_ABK 64 0x3 557
AiM WR_GB 64 0 0x3
AiM MAC_ABK 64 0x3 558
AiM AF 0x3
AiM RD_AF 0 0x3
AiM RD_MAC 0 0x3
AiM WR_GB 64 0 0x3
AiM MAC_ABK 64 0x3 559
AiM WR_GB 64 0 0x3
AiM MAC_ABK 64 0x3 560
AiM AF 0x3
AiM RD_AF 0 0x3
AiM RD_MAC 0 0x3
AiM WR_GB 64 0 0x3
AiM MAC_ABK 64 0x3 561
AiM WR_GB 64 0 0x3
AiM MAC_ABK 64 0x3 562
AiM AF 0x3
AiM RD_AF 0 0x3
AiM RD_MAC 0 0x3
AiM WR_GB 64 0 0x3
AiM MAC_ABK 64 0x3 563
AiM WR_GB 64 0 0x3
AiM MAC_ABK 64 0x3 564
AiM AF 0x3
AiM RD_AF 0 0x3
AiM RD_MAC 0 0x3
AiM WR_GB 64 0 0x3
AiM MAC_ABK 64 0x3 565
AiM WR_GB 64 0 0x3
AiM MAC_ABK 64 0x3 566
AiM AF 0x3
AiM RD_AF 0 0x3
AiM RD_MAC 0 0x3
AiM WR_GB 64 0 0x3
AiM MAC_ABK 64 0x3 567
AiM WR_GB 64 0 0x3
AiM MAC_ABK 64 0x3 568
AiM AF 0x3
AiM RD_AF 0 0x3
AiM RD_MAC 0 0x3
AiM WR_GB 64 0 0x3
AiM MAC_ABK 64 0x3 569
AiM WR_GB 64 0 0x3
AiM MAC_ABK 64 0x3 570
AiM AF 0x3
AiM RD_AF 0 0x3
AiM RD_MAC 0 0x3
AiM WR_GB 64 0 0x3
AiM MAC_ABK 64 0x3 571
AiM WR_GB 64 0 0x3
AiM MAC_ABK 64 0x3 572
AiM AF 0x3
AiM RD_AF 0 0x3
AiM RD_MAC 0 0x3
AiM WR_GB 64 0 0x3
AiM MAC_ABK 64 0x3 573
AiM WR_GB 64 0 0x3
AiM MAC_ABK 64 0x3 574
AiM AF 0x3
AiM RD_AF 0 0x3
AiM RD_MAC 0 0x3
AiM WR_GB 64 0 0x3
AiM MAC_ABK 64 0x3 575
AiM WR_GB 64 0 0x3
AiM MAC_ABK 64 0x3 576
AiM AF 0x3
AiM RD_AF 0 0x3
AiM RD_MAC 0 0x3
AiM WR_GB 64 0 0x3
AiM MAC_ABK 64 0x3 577
AiM WR_GB 64 0 0x3
AiM MAC_ABK 64 0x3 578
AiM AF 0x3
AiM RD_AF 0 0x3
AiM RD_MAC 0 0x3
AiM WR_GB 64 0 0x3
AiM MAC_ABK 64 0x3 579
AiM WR_GB 64 0 0x3
AiM MAC_ABK 64 0x3 580
AiM AF 0x3
AiM RD_AF 0 0x3
AiM RD_MAC 0 0x3
AiM WR_GB 64 0 0x3
AiM MAC_ABK 64 0x3 581
AiM WR_GB 64 0 0x3
AiM MAC_ABK 64 0x3 582
AiM AF 0x3
AiM RD_AF 0 0x3
AiM RD_MAC 0 0x3
AiM WR_GB 64 0 0x3
AiM MAC_ABK 64 0x3 583
AiM WR_GB 64 0 0x3
AiM MAC_ABK 64 0x3 584
AiM AF 0x3
AiM RD_AF 0 0x3
AiM RD_MAC 0 0x3
AiM WR_GB 64 0 0x3
AiM MAC_ABK 64 0x3 585
AiM WR_GB 64 0 0x3
AiM MAC_ABK 64 0x3 586
AiM AF 0x3
AiM RD_AF 0 0x3
AiM RD_MAC 0 0x3
AiM WR_GB 64 0 0x3
AiM MAC_ABK 64 0x3 587
AiM WR_GB 64 0 0x3
AiM MAC_ABK 64 0x3 588
AiM AF 0x3
AiM RD_AF 0 0x3
AiM RD_MAC 0 0x3
AiM WR_GB 64 0 0x3
AiM MAC_ABK 64 0x3 589
AiM WR_GB 64 0 0x3
AiM MAC_ABK 64 0x3 590
AiM AF 0x3
AiM RD_AF 0 0x3
AiM RD_MAC 0 0x3
AiM WR_GB 64 0 0x3
AiM MAC_ABK 64 0x3 591
AiM WR_GB 64 0 0x3
AiM MAC_ABK 64 0x3 592
AiM AF 0x3
AiM RD_AF 0 0x3
AiM RD_MAC 0 0x3
AiM WR_GB 64 0 0x3
AiM MAC_ABK 64 0x3 593
AiM WR_GB 64 0 0x3
AiM MAC_ABK 64 0x3 594
AiM AF 0x3
AiM RD_AF 0 0x3
AiM RD_MAC 0 0x3
AiM WR_GB 64 0 0x3
AiM MAC_ABK 64 0x3 595
AiM WR_GB 64 0 0x3
AiM MAC_ABK 64 0x3 596
AiM AF 0x3
AiM RD_AF 0 0x3
AiM RD_MAC 0 0x3
AiM WR_GB 64 0 0x3
AiM MAC_ABK 64 0x3 597
AiM WR_GB 64 0 0x3
AiM MAC_ABK 64 0x3 598
AiM AF 0x3
AiM RD_AF 0 0x3
AiM RD_MAC 0 0x3
AiM WR_GB 64 0 0x3
AiM MAC_ABK 64 0x3 599
AiM WR_GB 64 0 0x3
AiM MAC_ABK 64 0x3 600
AiM AF 0x3
AiM RD_AF 0 0x3
AiM RD_MAC 0 0x3
AiM WR_GB 64 0 0x3
AiM MAC_ABK 64 0x3 601
AiM WR_GB 64 0 0x3
AiM MAC_ABK 64 0x3 602
AiM AF 0x3
AiM RD_AF 0 0x3
AiM RD_MAC 0 0x3
AiM WR_GB 64 0 0x3
AiM MAC_ABK 64 0x3 603
AiM WR_GB 64 0 0x3
AiM MAC_ABK 64 0x3 604
AiM AF 0x3
AiM RD_AF 0 0x3
AiM RD_MAC 0 0x3
AiM WR_GB 64 0 0x3
AiM MAC_ABK 64 0x3 605
AiM WR_GB 64 0 0x3
AiM MAC_ABK 64 0x3 606
AiM AF 0x3
AiM RD_AF 0 0x3
AiM RD_MAC 0 0x3
AiM WR_GB 64 0 0x3
AiM MAC_ABK 64 0x3 607
AiM WR_GB 64 0 0x3
AiM MAC_ABK 64 0x3 608
AiM AF 0x3
AiM RD_AF 0 0x3
AiM RD_MAC 0 0x3
AiM WR_GB 64 0 0x3
AiM MAC_ABK 64 0x3 609
AiM WR_GB 64 0 0x3
AiM MAC_ABK 64 0x3 610
AiM AF 0x3
AiM RD_AF 0 0x3
AiM RD_MAC 0 0x3
AiM WR_GB 64 0 0x3
AiM MAC_ABK 64 0x3 611
AiM WR_GB 64 0 0x3
AiM MAC_ABK 64 0x3 612
AiM AF 0x3
AiM RD_AF 0 0x3
AiM RD_MAC 0 0x3
AiM WR_GB 64 0 0x3
AiM MAC_ABK 64 0x3 613
AiM WR_GB 64 0 0x3
AiM MAC_ABK 64 0x3 614
AiM AF 0x3
AiM RD_AF 0 0x3
AiM RD_MAC 0 0x3
AiM WR_GB 64 0 0x3
AiM MAC_ABK 64 0x3 615
AiM WR_GB 64 0 0x3
AiM MAC_ABK 64 0x3 616
AiM AF 0x3
AiM RD_AF 0 0x3
AiM RD_MAC 0 0x3
AiM WR_GB 64 0 0x3
AiM MAC_ABK 64 0x3 617
AiM WR_GB 64 0 0x3
AiM MAC_ABK 64 0x3 618
AiM AF 0x3
AiM RD_AF 0 0x3
AiM RD_MAC 0 0x3
AiM WR_GB 64 0 0x3
AiM MAC_ABK 64 0x3 619
AiM WR_GB 64 0 0x3
AiM MAC_ABK 64 0x3 620
AiM AF 0x3
AiM RD_AF 0 0x3
AiM RD_MAC 0 0x3
AiM WR_GB 64 0 0x3
AiM MAC_ABK 64 0x3 621
AiM WR_GB 64 0 0x3
AiM MAC_ABK 64 0x3 622
AiM AF 0x3
AiM RD_AF 0 0x3
AiM RD_MAC 0 0x3
AiM WR_GB 64 0 0x3
AiM MAC_ABK 64 0x3 623
AiM WR_GB 64 0 0x3
AiM MAC_ABK 64 0x3 624
AiM AF 0x3
AiM RD_AF 0 0x3
AiM RD_MAC 0 0x3
AiM WR_GB 64 0 0x3
AiM MAC_ABK 64 0x3 625
AiM WR_GB 64 0 0x3
AiM MAC_ABK 64 0x3 626
AiM AF 0x3
AiM RD_AF 0 0x3
AiM RD_MAC 0 0x3
AiM WR_GB 64 0 0x3
AiM MAC_ABK 64 0x3 627
AiM WR_GB 64 0 0x3
AiM MAC_ABK 64 0x3 628
AiM AF 0x3
AiM RD_AF 0 0x3
AiM RD_MAC 0 0x3
AiM WR_GB 64 0 0x3
AiM MAC_ABK 64 0x3 629
AiM WR_GB 64 0 0x3
AiM MAC_ABK 64 0x3 630
AiM AF 0x3
AiM RD_AF 0 0x3
AiM RD_MAC 0 0x3
AiM WR_GB 64 0 0x3
AiM MAC_ABK 64 0x3 631
AiM WR_GB 64 0 0x3
AiM MAC_ABK 64 0x3 632
AiM AF 0x3
AiM RD_AF 0 0x3
AiM RD_MAC 0 0x3
AiM WR_GB 64 0 0x3
AiM MAC_ABK 64 0x3 633
AiM WR_GB 64 0 0x3
AiM MAC_ABK 64 0x3 634
AiM AF 0x3
AiM RD_AF 0 0x3
AiM RD_MAC 0 0x3
AiM WR_GB 64 0 0x3
AiM MAC_ABK 64 0x3 635
AiM WR_GB 64 0 0x3
AiM MAC_ABK 64 0x3 636
AiM AF 0x3
AiM RD_AF 0 0x3
AiM RD_MAC 0 0x3
AiM WR_GB 64 0 0x3
AiM MAC_ABK 64 0x3 637
AiM WR_GB 64 0 0x3
AiM MAC_ABK 64 0x3 638
AiM AF 0x3
AiM RD_AF 0 0x3
AiM RD_MAC 0 0x3
AiM WR_GB 64 0 0x3
AiM MAC_ABK 64 0x3 639
AiM WR_GB 64 0 0x3
AiM MAC_ABK 64 0x3 640
AiM AF 0x3
AiM RD_AF 0 0x3
AiM RD_MAC 0 0x3
AiM WR_GB 64 0 0x3
AiM MAC_ABK 64 0x3 641
AiM WR_GB 64 0 0x3
AiM MAC_ABK 64 0x3 642
AiM AF 0x3
AiM RD_AF 0 0x3
AiM RD_MAC 0 0x3
AiM WR_GB 64 0 0x3
AiM MAC_ABK 64 0x3 643
AiM WR_GB 64 0 0x3
AiM MAC_ABK 64 0x3 644
AiM AF 0x3
AiM RD_AF 0 0x3
AiM RD_MAC 0 0x3
AiM WR_GB 64 0 0x3
AiM MAC_ABK 64 0x3 645
AiM WR_GB 64 0 0x3
AiM MAC_ABK 64 0x3 646
AiM AF 0x3
AiM RD_AF 0 0x3
AiM RD_MAC 0 0x3
AiM WR_GB 64 0 0x3
AiM MAC_ABK 64 0x3 647
AiM WR_GB 64 0 0x3
AiM MAC_ABK 64 0x3 648
AiM AF 0x3
AiM RD_AF 0 0x3
AiM RD_MAC 0 0x3
AiM WR_GB 64 0 0x3
AiM MAC_ABK 64 0x3 649
AiM WR_GB 64 0 0x3
AiM MAC_ABK 64 0x3 650
AiM AF 0x3
AiM RD_AF 0 0x3
AiM RD_MAC 0 0x3
AiM WR_GB 64 0 0x3
AiM MAC_ABK 64 0x3 651
AiM WR_GB 64 0 0x3
AiM MAC_ABK 64 0x3 652
AiM AF 0x3
AiM RD_AF 0 0x3
AiM RD_MAC 0 0x3
AiM WR_GB 64 0 0x3
AiM MAC_ABK 64 0x3 653
AiM WR_GB 64 0 0x3
AiM MAC_ABK 64 0x3 654
AiM AF 0x3
AiM RD_AF 0 0x3
AiM RD_MAC 0 0x3
AiM WR_GB 64 0 0x3
AiM MAC_ABK 64 0x3 655
AiM WR_GB 64 0 0x3
AiM MAC_ABK 64 0x3 656
AiM AF 0x3
AiM RD_AF 0 0x3
AiM RD_MAC 0 0x3
AiM WR_GB 64 0 0x3
AiM MAC_ABK 64 0x3 657
AiM WR_GB 64 0 0x3
AiM MAC_ABK 64 0x3 658
AiM AF 0x3
AiM RD_AF 0 0x3
AiM RD_MAC 0 0x3
AiM WR_GB 64 0 0x3
AiM MAC_ABK 64 0x3 659
AiM WR_GB 64 0 0x3
AiM MAC_ABK 64 0x3 660
AiM AF 0x3
AiM RD_AF 0 0x3
AiM RD_MAC 0 0x3
AiM WR_GB 64 0 0x3
AiM MAC_ABK 64 0x3 661
AiM WR_GB 64 0 0x3
AiM MAC_ABK 64 0x3 662
AiM AF 0x3
AiM RD_AF 0 0x3
AiM RD_MAC 0 0x3
AiM WR_GB 64 0 0x3
AiM MAC_ABK 64 0x3 663
AiM WR_GB 64 0 0x3
AiM MAC_ABK 64 0x3 664
AiM AF 0x3
AiM RD_AF 0 0x3
AiM RD_MAC 0 0x3
AiM WR_GB 64 0 0x3
AiM MAC_ABK 64 0x3 665
AiM WR_GB 64 0 0x3
AiM MAC_ABK 64 0x3 666
AiM AF 0x3
AiM RD_AF 0 0x3
AiM RD_MAC 0 0x3
AiM WR_GB 64 0 0x3
AiM MAC_ABK 64 0x3 667
AiM WR_GB 64 0 0x3
AiM MAC_ABK 64 0x3 668
AiM AF 0x3
AiM RD_AF 0 0x3
AiM RD_MAC 0 0x3
AiM WR_GB 64 0 0x3
AiM MAC_ABK 64 0x3 669
AiM WR_GB 64 0 0x3
AiM MAC_ABK 64 0x3 670
AiM AF 0x3
AiM RD_AF 0 0x3
AiM RD_MAC 0 0x3
AiM WR_GB 64 0 0x3
AiM MAC_ABK 64 0x3 671
AiM WR_GB 64 0 0x3
AiM MAC_ABK 64 0x3 672
AiM AF 0x3
AiM RD_AF 0 0x3
AiM RD_MAC 0 0x3
AiM WR_GB 64 0 0x3
AiM MAC_ABK 64 0x3 673
AiM WR_GB 64 0 0x3
AiM MAC_ABK 64 0x3 674
AiM AF 0x3
AiM RD_AF 0 0x3
AiM RD_MAC 0 0x3
AiM WR_GB 64 0 0x3
AiM MAC_ABK 64 0x3 675
AiM WR_GB 64 0 0x3
AiM MAC_ABK 64 0x3 676
AiM AF 0x3
AiM RD_AF 0 0x3
AiM RD_MAC 0 0x3
AiM WR_GB 64 0 0x3
AiM MAC_ABK 64 0x3 677
AiM WR_GB 64 0 0x3
AiM MAC_ABK 64 0x3 678
AiM AF 0x3
AiM RD_AF 0 0x3
AiM RD_MAC 0 0x3
AiM WR_GB 64 0 0x3
AiM MAC_ABK 64 0x3 679
AiM WR_GB 64 0 0x3
AiM MAC_ABK 64 0x3 680
AiM AF 0x3
AiM RD_AF 0 0x3
AiM RD_MAC 0 0x3
AiM WR_GB 64 0 0x3
AiM MAC_ABK 64 0x3 681
AiM WR_GB 64 0 0x3
AiM MAC_ABK 64 0x3 682
AiM AF 0x3
AiM RD_AF 0 0x3
AiM RD_MAC 0 0x3
AiM WR_GB 64 0 0x3
AiM MAC_ABK 64 0x3 683
AiM WR_GB 64 0 0x3
AiM MAC_ABK 64 0x3 684
AiM AF 0x3
AiM RD_AF 0 0x3
AiM RD_MAC 0 0x3
AiM WR_GB 64 0 0x3
AiM MAC_ABK 64 0x3 685
AiM WR_GB 64 0 0x3
AiM MAC_ABK 64 0x3 686
AiM AF 0x3
AiM RD_AF 0 0x3
AiM RD_MAC 0 0x3
AiM WR_GB 64 0 0x3
AiM MAC_ABK 64 0x3 687
AiM WR_GB 64 0 0x3
AiM MAC_ABK 64 0x3 688
AiM AF 0x3
AiM RD_AF 0 0x3
AiM RD_MAC 0 0x3
AiM WR_GB 64 0 0x3
AiM MAC_ABK 64 0x3 689
AiM WR_GB 64 0 0x3
AiM MAC_ABK 64 0x3 690
AiM AF 0x3
AiM RD_AF 0 0x3
AiM RD_MAC 0 0x3
AiM WR_GB 64 0 0x3
AiM MAC_ABK 64 0x3 691
AiM WR_GB 64 0 0x3
AiM MAC_ABK 64 0x3 692
AiM AF 0x3
AiM RD_AF 0 0x3
AiM RD_MAC 0 0x3
AiM WR_GB 64 0 0x3
AiM MAC_ABK 64 0x3 693
AiM WR_GB 64 0 0x3
AiM MAC_ABK 64 0x3 694
AiM AF 0x3
AiM RD_AF 0 0x3
AiM RD_MAC 0 0x3
AiM WR_GB 64 0 0x3
AiM MAC_ABK 64 0x3 695
AiM WR_GB 64 0 0x3
AiM MAC_ABK 64 0x3 696
AiM AF 0x3
AiM RD_AF 0 0x3
AiM RD_MAC 0 0x3
AiM WR_GB 64 0 0x3
AiM MAC_ABK 64 0x3 697
AiM WR_GB 64 0 0x3
AiM MAC_ABK 64 0x3 698
AiM AF 0x3
AiM RD_AF 0 0x3
AiM RD_MAC 0 0x3
AiM WR_GB 64 0 0x3
AiM MAC_ABK 64 0x3 699
AiM WR_GB 64 0 0x3
AiM MAC_ABK 64 0x3 700
AiM AF 0x3
AiM RD_AF 0 0x3
AiM RD_MAC 0 0x3
AiM WR_GB 64 0 0x3
AiM MAC_ABK 64 0x3 701
AiM WR_GB 64 0 0x3
AiM MAC_ABK 64 0x3 702
AiM AF 0x3
AiM RD_AF 0 0x3
AiM RD_MAC 0 0x3
AiM WR_GB 64 0 0x3
AiM MAC_ABK 64 0x3 703
AiM WR_GB 64 0 0x3
AiM MAC_ABK 64 0x3 704
AiM AF 0x3
AiM RD_AF 0 0x3
AiM RD_MAC 0 0x3
AiM WR_GB 64 0 0x3
AiM MAC_ABK 64 0x3 705
AiM WR_GB 64 0 0x3
AiM MAC_ABK 64 0x3 706
AiM AF 0x3
AiM RD_AF 0 0x3
AiM RD_MAC 0 0x3
AiM WR_GB 64 0 0x3
AiM MAC_ABK 64 0x3 707
AiM WR_GB 64 0 0x3
AiM MAC_ABK 64 0x3 708
AiM AF 0x3
AiM RD_AF 0 0x3
AiM RD_MAC 0 0x3
AiM WR_GB 64 0 0x3
AiM MAC_ABK 64 0x3 709
AiM WR_GB 64 0 0x3
AiM MAC_ABK 64 0x3 710
AiM AF 0x3
AiM RD_AF 0 0x3
AiM RD_MAC 0 0x3
AiM WR_GB 64 0 0x3
AiM MAC_ABK 64 0x3 711
AiM WR_GB 64 0 0x3
AiM MAC_ABK 64 0x3 712
AiM AF 0x3
AiM RD_AF 0 0x3
AiM RD_MAC 0 0x3
AiM WR_GB 64 0 0x3
AiM MAC_ABK 64 0x3 713
AiM WR_GB 64 0 0x3
AiM MAC_ABK 64 0x3 714
AiM AF 0x3
AiM RD_AF 0 0x3
AiM RD_MAC 0 0x3
AiM WR_GB 64 0 0x3
AiM MAC_ABK 64 0x3 715
AiM WR_GB 64 0 0x3
AiM MAC_ABK 64 0x3 716
AiM AF 0x3
AiM RD_AF 0 0x3
AiM RD_MAC 0 0x3
AiM WR_GB 64 0 0x3
AiM MAC_ABK 64 0x3 717
AiM WR_GB 64 0 0x3
AiM MAC_ABK 64 0x3 718
AiM AF 0x3
AiM RD_AF 0 0x3
AiM RD_MAC 0 0x3
AiM WR_GB 64 0 0x3
AiM MAC_ABK 64 0x3 719
AiM WR_GB 64 0 0x3
AiM MAC_ABK 64 0x3 720
AiM AF 0x3
AiM RD_AF 0 0x3
AiM RD_MAC 0 0x3
AiM WR_GB 64 0 0x3
AiM MAC_ABK 64 0x3 721
AiM WR_GB 64 0 0x3
AiM MAC_ABK 64 0x3 722
AiM AF 0x3
AiM RD_AF 0 0x3
AiM RD_MAC 0 0x3
AiM WR_GB 64 0 0x3
AiM MAC_ABK 64 0x3 723
AiM WR_GB 64 0 0x3
AiM MAC_ABK 64 0x3 724
AiM AF 0x3
AiM RD_AF 0 0x3
AiM RD_MAC 0 0x3
AiM WR_GB 64 0 0x3
AiM MAC_ABK 64 0x3 725
AiM WR_GB 64 0 0x3
AiM MAC_ABK 64 0x3 726
AiM AF 0x3
AiM RD_AF 0 0x3
AiM RD_MAC 0 0x3
AiM WR_GB 64 0 0x3
AiM MAC_ABK 64 0x3 727
AiM WR_GB 64 0 0x3
AiM MAC_ABK 64 0x3 728
AiM AF 0x3
AiM RD_AF 0 0x3
AiM RD_MAC 0 0x3
AiM WR_GB 64 0 0x3
AiM MAC_ABK 64 0x3 729
AiM WR_GB 64 0 0x3
AiM MAC_ABK 64 0x3 730
AiM AF 0x3
AiM RD_AF 0 0x3
AiM RD_MAC 0 0x3
AiM WR_GB 64 0 0x3
AiM MAC_ABK 64 0x3 731
AiM WR_GB 64 0 0x3
AiM MAC_ABK 64 0x3 732
AiM AF 0x3
AiM RD_AF 0 0x3
AiM RD_MAC 0 0x3
AiM WR_GB 64 0 0x3
AiM MAC_ABK 64 0x3 733
AiM WR_GB 64 0 0x3
AiM MAC_ABK 64 0x3 734
AiM AF 0x3
AiM RD_AF 0 0x3
AiM RD_MAC 0 0x3
AiM WR_GB 64 0 0x3
AiM MAC_ABK 64 0x3 735
AiM WR_GB 64 0 0x3
AiM MAC_ABK 64 0x3 736
AiM AF 0x3
AiM RD_AF 0 0x3
AiM RD_MAC 0 0x3
AiM WR_GB 64 0 0x3
AiM MAC_ABK 64 0x3 737
AiM WR_GB 64 0 0x3
AiM MAC_ABK 64 0x3 738
AiM AF 0x3
AiM RD_AF 0 0x3
AiM RD_MAC 0 0x3
AiM WR_GB 64 0 0x3
AiM MAC_ABK 64 0x3 739
AiM WR_GB 64 0 0x3
AiM MAC_ABK 64 0x3 740
AiM AF 0x3
AiM RD_AF 0 0x3
AiM RD_MAC 0 0x3
AiM WR_GB 64 0 0x3
AiM MAC_ABK 64 0x3 741
AiM WR_GB 64 0 0x3
AiM MAC_ABK 64 0x3 742
AiM AF 0x3
AiM RD_AF 0 0x3
AiM RD_MAC 0 0x3
AiM WR_GB 64 0 0x3
AiM MAC_ABK 64 0x3 743
AiM WR_GB 64 0 0x3
AiM MAC_ABK 64 0x3 744
AiM AF 0x3
AiM RD_AF 0 0x3
AiM RD_MAC 0 0x3
AiM WR_GB 64 0 0x3
AiM MAC_ABK 64 0x3 745
AiM WR_GB 64 0 0x3
AiM MAC_ABK 64 0x3 746
AiM AF 0x3
AiM RD_AF 0 0x3
AiM RD_MAC 0 0x3
AiM WR_GB 64 0 0x3
AiM MAC_ABK 64 0x3 747
AiM WR_GB 64 0 0x3
AiM MAC_ABK 64 0x3 748
AiM AF 0x3
AiM RD_AF 0 0x3
AiM RD_MAC 0 0x3
AiM WR_GB 64 0 0x3
AiM MAC_ABK 64 0x3 749
AiM WR_GB 64 0 0x3
AiM MAC_ABK 64 0x3 750
AiM AF 0x3
AiM RD_AF 0 0x3
AiM RD_MAC 0 0x3
AiM WR_GB 64 0 0x3
AiM MAC_ABK 64 0x3 751
AiM WR_GB 64 0 0x3
AiM MAC_ABK 64 0x3 752
AiM AF 0x3
AiM RD_AF 0 0x3
AiM RD_MAC 0 0x3
AiM WR_GB 64 0 0x3
AiM MAC_ABK 64 0x3 753
AiM WR_GB 64 0 0x3
AiM MAC_ABK 64 0x3 754
AiM AF 0x3
AiM RD_AF 0 0x3
AiM RD_MAC 0 0x3
AiM WR_GB 64 0 0x3
AiM MAC_ABK 64 0x3 755
AiM WR_GB 64 0 0x3
AiM MAC_ABK 64 0x3 756
AiM AF 0x3
AiM RD_AF 0 0x3
AiM RD_MAC 0 0x3
AiM WR_GB 64 0 0x3
AiM MAC_ABK 64 0x3 757
AiM WR_GB 64 0 0x3
AiM MAC_ABK 64 0x3 758
AiM AF 0x3
AiM RD_AF 0 0x3
AiM RD_MAC 0 0x3
AiM WR_GB 64 0 0x3
AiM MAC_ABK 64 0x3 759
AiM WR_GB 64 0 0x3
AiM MAC_ABK 64 0x3 760
AiM AF 0x3
AiM RD_AF 0 0x3
AiM RD_MAC 0 0x3
AiM WR_GB 64 0 0x3
AiM MAC_ABK 64 0x3 761
AiM WR_GB 64 0 0x3
AiM MAC_ABK 64 0x3 762
AiM AF 0x3
AiM RD_AF 0 0x3
AiM RD_MAC 0 0x3
AiM WR_GB 64 0 0x3
AiM MAC_ABK 64 0x3 763
AiM WR_GB 64 0 0x3
AiM MAC_ABK 64 0x3 764
AiM AF 0x3
AiM RD_AF 0 0x3
AiM RD_MAC 0 0x3
AiM WR_GB 64 0 0x3
AiM MAC_ABK 64 0x3 765
AiM WR_GB 64 0 0x3
AiM MAC_ABK 64 0x3 766
AiM AF 0x3
AiM RD_AF 0 0x3
AiM RD_MAC 0 0x3
AiM WR_GB 64 0 0x3
AiM MAC_ABK 64 0x3 767
AiM WR_GB 64 0 0x3
AiM MAC_ABK 64 0x3 768
AiM AF 0x3
AiM RD_AF 0 0x3
AiM RD_MAC 0 0x3
AiM WR_GB 64 0 0x3
AiM MAC_ABK 64 0x3 769
AiM WR_GB 64 0 0x3
AiM MAC_ABK 64 0x3 770
AiM AF 0x3
AiM RD_AF 0 0x3
AiM RD_MAC 0 0x3
AiM WR_GB 64 0 0x3
AiM MAC_ABK 64 0x3 771
AiM WR_GB 64 0 0x3
AiM MAC_ABK 64 0x3 772
AiM AF 0x3
AiM RD_AF 0 0x3
AiM RD_MAC 0 0x3
AiM WR_GB 64 0 0x3
AiM MAC_ABK 64 0x3 773
AiM WR_GB 64 0 0x3
AiM MAC_ABK 64 0x3 774
AiM AF 0x3
AiM RD_AF 0 0x3
AiM RD_MAC 0 0x3
AiM WR_GB 64 0 0x3
AiM MAC_ABK 64 0x3 775
AiM WR_GB 64 0 0x3
AiM MAC_ABK 64 0x3 776
AiM AF 0x3
AiM RD_AF 0 0x3
AiM RD_MAC 0 0x3
AiM WR_GB 64 0 0x3
AiM MAC_ABK 64 0x3 777
AiM WR_GB 64 0 0x3
AiM MAC_ABK 64 0x3 778
AiM AF 0x3
AiM RD_AF 0 0x3
AiM RD_MAC 0 0x3
AiM WR_GB 64 0 0x3
AiM MAC_ABK 64 0x3 779
AiM WR_GB 64 0 0x3
AiM MAC_ABK 64 0x3 780
AiM AF 0x3
AiM RD_AF 0 0x3
AiM RD_MAC 0 0x3
AiM WR_GB 64 0 0x3
AiM MAC_ABK 64 0x3 781
AiM WR_GB 64 0 0x3
AiM MAC_ABK 64 0x3 782
AiM AF 0x3
AiM RD_AF 0 0x3
AiM RD_MAC 0 0x3
AiM WR_GB 64 0 0x3
AiM MAC_ABK 64 0x3 783
AiM WR_GB 64 0 0x3
AiM MAC_ABK 64 0x3 784
AiM AF 0x3
AiM RD_AF 0 0x3
AiM RD_MAC 0 0x3
AiM WR_GB 64 0 0x3
AiM MAC_ABK 64 0x3 785
AiM WR_GB 64 0 0x3
AiM MAC_ABK 64 0x3 786
AiM AF 0x3
AiM RD_AF 0 0x3
AiM RD_MAC 0 0x3
AiM WR_GB 64 0 0x3
AiM MAC_ABK 64 0x3 787
AiM WR_GB 64 0 0x3
AiM MAC_ABK 64 0x3 788
AiM AF 0x3
AiM RD_AF 0 0x3
AiM RD_MAC 0 0x3
AiM WR_GB 64 0 0x3
AiM MAC_ABK 64 0x3 789
AiM WR_GB 64 0 0x3
AiM MAC_ABK 64 0x3 790
AiM AF 0x3
AiM RD_AF 0 0x3
AiM RD_MAC 0 0x3
AiM WR_GB 64 0 0x3
AiM MAC_ABK 64 0x3 791
AiM WR_GB 64 0 0x3
AiM MAC_ABK 64 0x3 792
AiM AF 0x3
AiM RD_AF 0 0x3
AiM RD_MAC 0 0x3
AiM WR_GB 64 0 0x3
AiM MAC_ABK 64 0x3 793
AiM WR_GB 64 0 0x3
AiM MAC_ABK 64 0x3 794
AiM AF 0x3
AiM RD_AF 0 0x3
AiM RD_MAC 0 0x3
AiM WR_GB 64 0 0x3
AiM MAC_ABK 64 0x3 795
AiM WR_GB 64 0 0x3
AiM MAC_ABK 64 0x3 796
AiM AF 0x3
AiM RD_AF 0 0x3
AiM RD_MAC 0 0x3
AiM WR_GB 64 0 0x3
AiM MAC_ABK 64 0x3 797
AiM WR_GB 64 0 0x3
AiM MAC_ABK 64 0x3 798
AiM AF 0x3
AiM RD_AF 0 0x3
AiM RD_MAC 0 0x3
AiM WR_GB 64 0 0x3
AiM MAC_ABK 64 0x3 799
AiM WR_GB 64 0 0x3
AiM MAC_ABK 64 0x3 800
AiM AF 0x3
AiM RD_AF 0 0x3
AiM RD_MAC 0 0x3
AiM WR_GB 64 0 0x3
AiM MAC_ABK 64 0x3 801
AiM WR_GB 64 0 0x3
AiM MAC_ABK 64 0x3 802
AiM AF 0x3
AiM RD_AF 0 0x3
AiM RD_MAC 0 0x3
AiM WR_GB 64 0 0x3
AiM MAC_ABK 64 0x3 803
AiM WR_GB 64 0 0x3
AiM MAC_ABK 64 0x3 804
AiM AF 0x3
AiM RD_AF 0 0x3
AiM RD_MAC 0 0x3
AiM WR_GB 64 0 0x3
AiM MAC_ABK 64 0x3 805
AiM WR_GB 64 0 0x3
AiM MAC_ABK 64 0x3 806
AiM AF 0x3
AiM RD_AF 0 0x3
AiM RD_MAC 0 0x3
AiM WR_GB 64 0 0x3
AiM MAC_ABK 64 0x3 807
AiM WR_GB 64 0 0x3
AiM MAC_ABK 64 0x3 808
AiM AF 0x3
AiM RD_AF 0 0x3
AiM RD_MAC 0 0x3
AiM WR_GB 64 0 0x3
AiM MAC_ABK 64 0x3 809
AiM WR_GB 64 0 0x3
AiM MAC_ABK 64 0x3 810
AiM AF 0x3
AiM RD_AF 0 0x3
AiM RD_MAC 0 0x3
AiM WR_GB 64 0 0x3
AiM MAC_ABK 64 0x3 811
AiM WR_GB 64 0 0x3
AiM MAC_ABK 64 0x3 812
AiM AF 0x3
AiM RD_AF 0 0x3
AiM RD_MAC 0 0x3
AiM WR_GB 64 0 0x3
AiM MAC_ABK 64 0x3 813
AiM WR_GB 64 0 0x3
AiM MAC_ABK 64 0x3 814
AiM AF 0x3
AiM RD_AF 0 0x3
AiM RD_MAC 0 0x3
AiM WR_GB 64 0 0x3
AiM MAC_ABK 64 0x3 815
AiM WR_GB 64 0 0x3
AiM MAC_ABK 64 0x3 816
AiM AF 0x3
AiM RD_AF 0 0x3
AiM RD_MAC 0 0x3
AiM WR_GB 64 0 0x3
AiM MAC_ABK 64 0x3 817
AiM WR_GB 64 0 0x3
AiM MAC_ABK 64 0x3 818
AiM AF 0x3
AiM RD_AF 0 0x3
AiM RD_MAC 0 0x3
AiM WR_GB 64 0 0x3
AiM MAC_ABK 64 0x3 819
AiM WR_GB 64 0 0x3
AiM MAC_ABK 64 0x3 820
AiM AF 0x3
AiM RD_AF 0 0x3
AiM RD_MAC 0 0x3
AiM WR_GB 64 0 0x3
AiM MAC_ABK 64 0x3 821
AiM WR_GB 64 0 0x3
AiM MAC_ABK 64 0x3 822
AiM AF 0x3
AiM RD_AF 0 0x3
AiM RD_MAC 0 0x3
AiM WR_GB 64 0 0x3
AiM MAC_ABK 64 0x3 823
AiM WR_GB 64 0 0x3
AiM MAC_ABK 64 0x3 824
AiM AF 0x3
AiM RD_AF 0 0x3
AiM RD_MAC 0 0x3
AiM WR_GB 64 0 0x3
AiM MAC_ABK 64 0x3 825
AiM WR_GB 64 0 0x3
AiM MAC_ABK 64 0x3 826
AiM AF 0x3
AiM RD_AF 0 0x3
AiM RD_MAC 0 0x3
AiM WR_GB 64 0 0x3
AiM MAC_ABK 64 0x3 827
AiM WR_GB 64 0 0x3
AiM MAC_ABK 64 0x3 828
AiM AF 0x3
AiM RD_AF 0 0x3
AiM RD_MAC 0 0x3
AiM WR_GB 64 0 0x3
AiM MAC_ABK 64 0x3 829
AiM WR_GB 64 0 0x3
AiM MAC_ABK 64 0x3 830
AiM AF 0x3
AiM RD_AF 0 0x3
AiM RD_MAC 0 0x3
AiM WR_GB 64 0 0x3
AiM MAC_ABK 64 0x3 831
AiM WR_GB 64 0 0x3
AiM MAC_ABK 64 0x3 832
AiM AF 0x3
AiM RD_AF 0 0x3
AiM RD_MAC 0 0x3
AiM WR_GB 64 0 0x3
AiM MAC_ABK 64 0x3 833
AiM WR_GB 64 0 0x3
AiM MAC_ABK 64 0x3 834
AiM AF 0x3
AiM RD_AF 0 0x3
AiM RD_MAC 0 0x3
AiM WR_GB 64 0 0x3
AiM MAC_ABK 64 0x3 835
AiM WR_GB 64 0 0x3
AiM MAC_ABK 64 0x3 836
AiM AF 0x3
AiM RD_AF 0 0x3
AiM RD_MAC 0 0x3
AiM WR_GB 64 0 0x3
AiM MAC_ABK 64 0x3 837
AiM WR_GB 64 0 0x3
AiM MAC_ABK 64 0x3 838
AiM AF 0x3
AiM RD_AF 0 0x3
AiM RD_MAC 0 0x3
AiM WR_GB 64 0 0x3
AiM MAC_ABK 64 0x3 839
AiM WR_GB 64 0 0x3
AiM MAC_ABK 64 0x3 840
AiM AF 0x3
AiM RD_AF 0 0x3
AiM RD_MAC 0 0x3
AiM WR_GB 64 0 0x3
AiM MAC_ABK 64 0x3 841
AiM WR_GB 64 0 0x3
AiM MAC_ABK 64 0x3 842
AiM AF 0x3
AiM RD_AF 0 0x3
AiM RD_MAC 0 0x3
AiM WR_GB 64 0 0x3
AiM MAC_ABK 64 0x3 843
AiM WR_GB 64 0 0x3
AiM MAC_ABK 64 0x3 844
AiM AF 0x3
AiM RD_AF 0 0x3
AiM RD_MAC 0 0x3
AiM WR_GB 64 0 0x3
AiM MAC_ABK 64 0x3 845
AiM WR_GB 64 0 0x3
AiM MAC_ABK 64 0x3 846
AiM AF 0x3
AiM RD_AF 0 0x3
AiM RD_MAC 0 0x3
AiM WR_GB 64 0 0x3
AiM MAC_ABK 64 0x3 847
AiM WR_GB 64 0 0x3
AiM MAC_ABK 64 0x3 848
AiM AF 0x3
AiM RD_AF 0 0x3
AiM RD_MAC 0 0x3
AiM WR_GB 64 0 0x3
AiM MAC_ABK 64 0x3 849
AiM WR_GB 64 0 0x3
AiM MAC_ABK 64 0x3 850
AiM AF 0x3
AiM RD_AF 0 0x3
AiM RD_MAC 0 0x3
AiM WR_GB 64 0 0x3
AiM MAC_ABK 64 0x3 851
AiM WR_GB 64 0 0x3
AiM MAC_ABK 64 0x3 852
AiM AF 0x3
AiM RD_AF 0 0x3
AiM RD_MAC 0 0x3
AiM WR_GB 64 0 0x3
AiM MAC_ABK 64 0x3 853
AiM WR_GB 64 0 0x3
AiM MAC_ABK 64 0x3 854
AiM AF 0x3
AiM RD_AF 0 0x3
AiM RD_MAC 0 0x3
AiM WR_GB 64 0 0x3
AiM MAC_ABK 64 0x3 855
AiM WR_GB 64 0 0x3
AiM MAC_ABK 64 0x3 856
AiM AF 0x3
AiM RD_AF 0 0x3
AiM RD_MAC 0 0x3
AiM WR_GB 64 0 0x3
AiM MAC_ABK 64 0x3 857
AiM WR_GB 64 0 0x3
AiM MAC_ABK 64 0x3 858
AiM AF 0x3
AiM RD_AF 0 0x3
AiM RD_MAC 0 0x3
AiM WR_GB 64 0 0x3
AiM MAC_ABK 64 0x3 859
AiM WR_GB 64 0 0x3
AiM MAC_ABK 64 0x3 860
AiM AF 0x3
AiM RD_AF 0 0x3
AiM RD_MAC 0 0x3
AiM WR_GB 64 0 0x3
AiM MAC_ABK 64 0x3 861
AiM WR_GB 64 0 0x3
AiM MAC_ABK 64 0x3 862
AiM AF 0x3
AiM RD_AF 0 0x3
AiM RD_MAC 0 0x3
AiM WR_GB 64 0 0x3
AiM MAC_ABK 64 0x3 863
AiM WR_GB 64 0 0x3
AiM MAC_ABK 64 0x3 864
AiM AF 0x3
AiM RD_AF 0 0x3
AiM RD_MAC 0 0x3
AiM WR_GB 64 0 0x3
AiM MAC_ABK 64 0x3 865
AiM WR_GB 64 0 0x3
AiM MAC_ABK 64 0x3 866
AiM AF 0x3
AiM RD_AF 0 0x3
AiM RD_MAC 0 0x3
AiM WR_GB 64 0 0x3
AiM MAC_ABK 64 0x3 867
AiM WR_GB 64 0 0x3
AiM MAC_ABK 64 0x3 868
AiM AF 0x3
AiM RD_AF 0 0x3
AiM RD_MAC 0 0x3
AiM WR_GB 64 0 0x3
AiM MAC_ABK 64 0x3 869
AiM WR_GB 64 0 0x3
AiM MAC_ABK 64 0x3 870
AiM AF 0x3
AiM RD_AF 0 0x3
AiM RD_MAC 0 0x3
AiM WR_GB 64 0 0x3
AiM MAC_ABK 64 0x3 871
AiM WR_GB 64 0 0x3
AiM MAC_ABK 64 0x3 872
AiM AF 0x3
AiM RD_AF 0 0x3
AiM RD_MAC 0 0x3
AiM WR_GB 64 0 0x3
AiM MAC_ABK 64 0x3 873
AiM WR_GB 64 0 0x3
AiM MAC_ABK 64 0x3 874
AiM AF 0x3
AiM RD_AF 0 0x3
AiM RD_MAC 0 0x3
AiM WR_GB 64 0 0x3
AiM MAC_ABK 64 0x3 875
AiM WR_GB 64 0 0x3
AiM MAC_ABK 64 0x3 876
AiM AF 0x3
AiM RD_AF 0 0x3
AiM RD_MAC 0 0x3
AiM WR_GB 64 0 0x3
AiM MAC_ABK 64 0x3 877
AiM WR_GB 64 0 0x3
AiM MAC_ABK 64 0x3 878
AiM AF 0x3
AiM RD_AF 0 0x3
AiM RD_MAC 0 0x3
AiM WR_GB 64 0 0x3
AiM MAC_ABK 64 0x3 879
AiM WR_GB 64 0 0x3
AiM MAC_ABK 64 0x3 880
AiM AF 0x3
AiM RD_AF 0 0x3
AiM RD_MAC 0 0x3
AiM WR_GB 64 0 0x3
AiM MAC_ABK 64 0x3 881
AiM WR_GB 64 0 0x3
AiM MAC_ABK 64 0x3 882
AiM AF 0x3
AiM RD_AF 0 0x3
AiM RD_MAC 0 0x3
AiM WR_GB 64 0 0x3
AiM MAC_ABK 64 0x3 883
AiM WR_GB 64 0 0x3
AiM MAC_ABK 64 0x3 884
AiM AF 0x3
AiM RD_AF 0 0x3
AiM RD_MAC 0 0x3
AiM WR_GB 64 0 0x3
AiM MAC_ABK 64 0x3 885
AiM WR_GB 64 0 0x3
AiM MAC_ABK 64 0x3 886
AiM AF 0x3
AiM RD_AF 0 0x3
AiM RD_MAC 0 0x3
AiM WR_GB 64 0 0x3
AiM MAC_ABK 64 0x3 887
AiM WR_GB 64 0 0x3
AiM MAC_ABK 64 0x3 888
AiM AF 0x3
AiM RD_AF 0 0x3
AiM RD_MAC 0 0x3
AiM WR_GB 64 0 0x3
AiM MAC_ABK 64 0x3 889
AiM WR_GB 64 0 0x3
AiM MAC_ABK 64 0x3 890
AiM AF 0x3
AiM RD_AF 0 0x3
AiM RD_MAC 0 0x3
AiM WR_GB 64 0 0x3
AiM MAC_ABK 64 0x3 891
AiM WR_GB 64 0 0x3
AiM MAC_ABK 64 0x3 892
AiM AF 0x3
AiM RD_AF 0 0x3
AiM RD_MAC 0 0x3
AiM WR_GB 64 0 0x3
AiM MAC_ABK 64 0x3 893
AiM WR_GB 64 0 0x3
AiM MAC_ABK 64 0x3 894
AiM AF 0x3
AiM RD_AF 0 0x3
AiM RD_MAC 0 0x3
AiM WR_GB 64 0 0x3
AiM MAC_ABK 64 0x3 895
AiM WR_GB 64 0 0x3
AiM MAC_ABK 64 0x3 896
AiM AF 0x3
AiM RD_AF 0 0x3
AiM RD_MAC 0 0x3
AiM WR_GB 64 0 0x3
AiM MAC_ABK 64 0x3 897
AiM WR_GB 64 0 0x3
AiM MAC_ABK 64 0x3 898
AiM AF 0x3
AiM RD_AF 0 0x3
AiM RD_MAC 0 0x3
AiM WR_GB 64 0 0x3
AiM MAC_ABK 64 0x3 899
AiM WR_GB 64 0 0x3
AiM MAC_ABK 64 0x3 900
AiM AF 0x3
AiM RD_AF 0 0x3
AiM RD_MAC 0 0x3
AiM WR_GB 64 0 0x3
AiM MAC_ABK 64 0x3 901
AiM WR_GB 64 0 0x3
AiM MAC_ABK 64 0x3 902
AiM AF 0x3
AiM RD_AF 0 0x3
AiM RD_MAC 0 0x3
AiM WR_GB 64 0 0x3
AiM MAC_ABK 64 0x3 903
AiM WR_GB 64 0 0x3
AiM MAC_ABK 64 0x3 904
AiM AF 0x3
AiM RD_AF 0 0x3
AiM RD_MAC 0 0x3
AiM WR_GB 64 0 0x3
AiM MAC_ABK 64 0x3 905
AiM WR_GB 64 0 0x3
AiM MAC_ABK 64 0x3 906
AiM AF 0x3
AiM RD_AF 0 0x3
AiM RD_MAC 0 0x3
AiM WR_GB 64 0 0x3
AiM MAC_ABK 64 0x3 907
AiM WR_GB 64 0 0x3
AiM MAC_ABK 64 0x3 908
AiM AF 0x3
AiM RD_AF 0 0x3
AiM RD_MAC 0 0x3
AiM WR_GB 64 0 0x3
AiM MAC_ABK 64 0x3 909
AiM WR_GB 64 0 0x3
AiM MAC_ABK 64 0x3 910
AiM AF 0x3
AiM RD_AF 0 0x3
AiM RD_MAC 0 0x3
AiM WR_GB 64 0 0x3
AiM MAC_ABK 64 0x3 911
AiM WR_GB 64 0 0x3
AiM MAC_ABK 64 0x3 912
AiM AF 0x3
AiM RD_AF 0 0x3
AiM RD_MAC 0 0x3
AiM WR_GB 64 0 0x3
AiM MAC_ABK 64 0x3 913
AiM WR_GB 64 0 0x3
AiM MAC_ABK 64 0x3 914
AiM AF 0x3
AiM RD_AF 0 0x3
AiM RD_MAC 0 0x3
AiM WR_GB 64 0 0x3
AiM MAC_ABK 64 0x3 915
AiM WR_GB 64 0 0x3
AiM MAC_ABK 64 0x3 916
AiM AF 0x3
AiM RD_AF 0 0x3
AiM RD_MAC 0 0x3
AiM WR_GB 64 0 0x3
AiM MAC_ABK 64 0x3 917
AiM WR_GB 64 0 0x3
AiM MAC_ABK 64 0x3 918
AiM AF 0x3
AiM RD_AF 0 0x3
AiM RD_MAC 0 0x3
AiM WR_GB 64 0 0x3
AiM MAC_ABK 64 0x3 919
AiM WR_GB 64 0 0x3
AiM MAC_ABK 64 0x3 920
AiM AF 0x3
AiM RD_AF 0 0x3
AiM RD_MAC 0 0x3
AiM WR_GB 64 0 0x3
AiM MAC_ABK 64 0x3 921
AiM WR_GB 64 0 0x3
AiM MAC_ABK 64 0x3 922
AiM AF 0x3
AiM RD_AF 0 0x3
AiM RD_MAC 0 0x3
AiM WR_GB 64 0 0x3
AiM MAC_ABK 64 0x3 923
AiM WR_GB 64 0 0x3
AiM MAC_ABK 64 0x3 924
AiM AF 0x3
AiM RD_AF 0 0x3
AiM RD_MAC 0 0x3
AiM WR_GB 64 0 0x3
AiM MAC_ABK 64 0x3 925
AiM WR_GB 64 0 0x3
AiM MAC_ABK 64 0x3 926
AiM AF 0x3
AiM RD_AF 0 0x3
AiM RD_MAC 0 0x3
AiM WR_GB 64 0 0x3
AiM MAC_ABK 64 0x3 927
AiM WR_GB 64 0 0x3
AiM MAC_ABK 64 0x3 928
AiM AF 0x3
AiM RD_AF 0 0x3
AiM RD_MAC 0 0x3
AiM WR_GB 64 0 0x3
AiM MAC_ABK 64 0x3 929
AiM WR_GB 64 0 0x3
AiM MAC_ABK 64 0x3 930
AiM AF 0x3
AiM RD_AF 0 0x3
AiM RD_MAC 0 0x3
AiM WR_GB 64 0 0x3
AiM MAC_ABK 64 0x3 931
AiM WR_GB 64 0 0x3
AiM MAC_ABK 64 0x3 932
AiM AF 0x3
AiM RD_AF 0 0x3
AiM RD_MAC 0 0x3
AiM WR_GB 64 0 0x3
AiM MAC_ABK 64 0x3 933
AiM WR_GB 64 0 0x3
AiM MAC_ABK 64 0x3 934
AiM AF 0x3
AiM RD_AF 0 0x3
AiM RD_MAC 0 0x3
AiM WR_GB 64 0 0x3
AiM MAC_ABK 64 0x3 935
AiM WR_GB 64 0 0x3
AiM MAC_ABK 64 0x3 936
AiM AF 0x3
AiM RD_AF 0 0x3
AiM RD_MAC 0 0x3
AiM WR_GB 64 0 0x3
AiM MAC_ABK 64 0x3 937
AiM WR_GB 64 0 0x3
AiM MAC_ABK 64 0x3 938
AiM AF 0x3
AiM RD_AF 0 0x3
AiM RD_MAC 0 0x3
AiM WR_GB 64 0 0x3
AiM MAC_ABK 64 0x3 939
AiM WR_GB 64 0 0x3
AiM MAC_ABK 64 0x3 940
AiM AF 0x3
AiM RD_AF 0 0x3
AiM RD_MAC 0 0x3
AiM WR_GB 64 0 0x3
AiM MAC_ABK 64 0x3 941
AiM WR_GB 64 0 0x3
AiM MAC_ABK 64 0x3 942
AiM AF 0x3
AiM RD_AF 0 0x3
AiM RD_MAC 0 0x3
AiM WR_GB 64 0 0x3
AiM MAC_ABK 64 0x3 943
AiM WR_GB 64 0 0x3
AiM MAC_ABK 64 0x3 944
AiM AF 0x3
AiM RD_AF 0 0x3
AiM RD_MAC 0 0x3
AiM WR_GB 64 0 0x3
AiM MAC_ABK 64 0x3 945
AiM WR_GB 64 0 0x3
AiM MAC_ABK 64 0x3 946
AiM AF 0x3
AiM RD_AF 0 0x3
AiM RD_MAC 0 0x3
AiM WR_GB 64 0 0x3
AiM MAC_ABK 64 0x3 947
AiM WR_GB 64 0 0x3
AiM MAC_ABK 64 0x3 948
AiM AF 0x3
AiM RD_AF 0 0x3
AiM RD_MAC 0 0x3
AiM WR_GB 64 0 0x3
AiM MAC_ABK 64 0x3 949
AiM WR_GB 64 0 0x3
AiM MAC_ABK 64 0x3 950
AiM AF 0x3
AiM RD_AF 0 0x3
AiM RD_MAC 0 0x3
AiM WR_GB 64 0 0x3
AiM MAC_ABK 64 0x3 951
AiM WR_GB 64 0 0x3
AiM MAC_ABK 64 0x3 952
AiM AF 0x3
AiM RD_AF 0 0x3
AiM RD_MAC 0 0x3
AiM WR_GB 64 0 0x3
AiM MAC_ABK 64 0x3 953
AiM WR_GB 64 0 0x3
AiM MAC_ABK 64 0x3 954
AiM AF 0x3
AiM RD_AF 0 0x3
AiM RD_MAC 0 0x3
AiM WR_GB 64 0 0x3
AiM MAC_ABK 64 0x3 955
AiM WR_GB 64 0 0x3
AiM MAC_ABK 64 0x3 956
AiM AF 0x3
AiM RD_AF 0 0x3
AiM RD_MAC 0 0x3
AiM WR_GB 64 0 0x3
AiM MAC_ABK 64 0x3 957
AiM WR_GB 64 0 0x3
AiM MAC_ABK 64 0x3 958
AiM AF 0x3
AiM RD_AF 0 0x3
AiM RD_MAC 0 0x3
AiM WR_GB 64 0 0x3
AiM MAC_ABK 64 0x3 959
AiM WR_GB 64 0 0x3
AiM MAC_ABK 64 0x3 960
AiM AF 0x3
AiM RD_AF 0 0x3
AiM RD_MAC 0 0x3
AiM WR_GB 64 0 0x3
AiM MAC_ABK 64 0x3 961
AiM WR_GB 64 0 0x3
AiM MAC_ABK 64 0x3 962
AiM AF 0x3
AiM RD_AF 0 0x3
AiM RD_MAC 0 0x3
AiM WR_GB 64 0 0x3
AiM MAC_ABK 64 0x3 963
AiM WR_GB 64 0 0x3
AiM MAC_ABK 64 0x3 964
AiM AF 0x3
AiM RD_AF 0 0x3
AiM RD_MAC 0 0x3
AiM WR_GB 64 0 0x3
AiM MAC_ABK 64 0x3 965
AiM WR_GB 64 0 0x3
AiM MAC_ABK 64 0x3 966
AiM AF 0x3
AiM RD_AF 0 0x3
AiM RD_MAC 0 0x3
AiM WR_GB 64 0 0x3
AiM MAC_ABK 64 0x3 967
AiM WR_GB 64 0 0x3
AiM MAC_ABK 64 0x3 968
AiM AF 0x3
AiM RD_AF 0 0x3
AiM RD_MAC 0 0x3
AiM WR_GB 64 0 0x3
AiM MAC_ABK 64 0x3 969
AiM WR_GB 64 0 0x3
AiM MAC_ABK 64 0x3 970
AiM AF 0x3
AiM RD_AF 0 0x3
AiM RD_MAC 0 0x3
AiM WR_GB 64 0 0x3
AiM MAC_ABK 64 0x3 971
AiM WR_GB 64 0 0x3
AiM MAC_ABK 64 0x3 972
AiM AF 0x3
AiM RD_AF 0 0x3
AiM RD_MAC 0 0x3
AiM WR_GB 64 0 0x3
AiM MAC_ABK 64 0x3 973
AiM WR_GB 64 0 0x3
AiM MAC_ABK 64 0x3 974
AiM AF 0x3
AiM RD_AF 0 0x3
AiM RD_MAC 0 0x3
AiM WR_GB 64 0 0x3
AiM MAC_ABK 64 0x3 975
AiM WR_GB 64 0 0x3
AiM MAC_ABK 64 0x3 976
AiM AF 0x3
AiM RD_AF 0 0x3
AiM RD_MAC 0 0x3
AiM WR_GB 64 0 0x3
AiM MAC_ABK 64 0x3 977
AiM WR_GB 64 0 0x3
AiM MAC_ABK 64 0x3 978
AiM AF 0x3
AiM RD_AF 0 0x3
AiM RD_MAC 0 0x3
AiM WR_GB 64 0 0x3
AiM MAC_ABK 64 0x3 979
AiM WR_GB 64 0 0x3
AiM MAC_ABK 64 0x3 980
AiM AF 0x3
AiM RD_AF 0 0x3
AiM RD_MAC 0 0x3
AiM WR_GB 64 0 0x3
AiM MAC_ABK 64 0x3 981
AiM WR_GB 64 0 0x3
AiM MAC_ABK 64 0x3 982
AiM AF 0x3
AiM RD_AF 0 0x3
AiM RD_MAC 0 0x3
AiM WR_GB 64 0 0x3
AiM MAC_ABK 64 0x3 983
AiM WR_GB 64 0 0x3
AiM MAC_ABK 64 0x3 984
AiM AF 0x3
AiM RD_AF 0 0x3
AiM RD_MAC 0 0x3
AiM WR_GB 64 0 0x3
AiM MAC_ABK 64 0x3 985
AiM WR_GB 64 0 0x3
AiM MAC_ABK 64 0x3 986
AiM AF 0x3
AiM RD_AF 0 0x3
AiM RD_MAC 0 0x3
AiM WR_GB 64 0 0x3
AiM MAC_ABK 64 0x3 987
AiM WR_GB 64 0 0x3
AiM MAC_ABK 64 0x3 988
AiM AF 0x3
AiM RD_AF 0 0x3
AiM RD_MAC 0 0x3
AiM WR_GB 64 0 0x3
AiM MAC_ABK 64 0x3 989
AiM WR_GB 64 0 0x3
AiM MAC_ABK 64 0x3 990
AiM AF 0x3
AiM RD_AF 0 0x3
AiM RD_MAC 0 0x3
AiM WR_GB 64 0 0x3
AiM MAC_ABK 64 0x3 991
AiM WR_GB 64 0 0x3
AiM MAC_ABK 64 0x3 992
AiM AF 0x3
AiM RD_AF 0 0x3
AiM RD_MAC 0 0x3
AiM WR_GB 64 0 0x3
AiM MAC_ABK 64 0x3 993
AiM WR_GB 64 0 0x3
AiM MAC_ABK 64 0x3 994
AiM AF 0x3
AiM RD_AF 0 0x3
AiM RD_MAC 0 0x3
AiM WR_GB 64 0 0x3
AiM MAC_ABK 64 0x3 995
AiM WR_GB 64 0 0x3
AiM MAC_ABK 64 0x3 996
AiM AF 0x3
AiM RD_AF 0 0x3
AiM RD_MAC 0 0x3
AiM WR_GB 64 0 0x3
AiM MAC_ABK 64 0x3 997
AiM WR_GB 64 0 0x3
AiM MAC_ABK 64 0x3 998
AiM AF 0x3
AiM RD_AF 0 0x3
AiM RD_MAC 0 0x3
AiM WR_GB 64 0 0x3
AiM MAC_ABK 64 0x3 999
AiM WR_GB 64 0 0x3
AiM MAC_ABK 64 0x3 1000
AiM AF 0x3
AiM RD_AF 0 0x3
AiM RD_MAC 0 0x3
AiM WR_GB 64 0 0x3
AiM MAC_ABK 64 0x3 1001
AiM WR_GB 64 0 0x3
AiM MAC_ABK 64 0x3 1002
AiM AF 0x3
AiM RD_AF 0 0x3
AiM RD_MAC 0 0x3
AiM WR_GB 64 0 0x3
AiM MAC_ABK 64 0x3 1003
AiM WR_GB 64 0 0x3
AiM MAC_ABK 64 0x3 1004
AiM AF 0x3
AiM RD_AF 0 0x3
AiM RD_MAC 0 0x3
AiM WR_GB 64 0 0x3
AiM MAC_ABK 64 0x3 1005
AiM WR_GB 64 0 0x3
AiM MAC_ABK 64 0x3 1006
AiM AF 0x3
AiM RD_AF 0 0x3
AiM RD_MAC 0 0x3
AiM WR_GB 64 0 0x3
AiM MAC_ABK 64 0x3 1007
AiM WR_GB 64 0 0x3
AiM MAC_ABK 64 0x3 1008
AiM AF 0x3
AiM RD_AF 0 0x3
AiM RD_MAC 0 0x3
AiM WR_GB 64 0 0x3
AiM MAC_ABK 64 0x3 1009
AiM WR_GB 64 0 0x3
AiM MAC_ABK 64 0x3 1010
AiM AF 0x3
AiM RD_AF 0 0x3
AiM RD_MAC 0 0x3
AiM WR_GB 64 0 0x3
AiM MAC_ABK 64 0x3 1011
AiM WR_GB 64 0 0x3
AiM MAC_ABK 64 0x3 1012
AiM AF 0x3
AiM RD_AF 0 0x3
AiM RD_MAC 0 0x3
AiM WR_GB 64 0 0x3
AiM MAC_ABK 64 0x3 1013
AiM WR_GB 64 0 0x3
AiM MAC_ABK 64 0x3 1014
AiM AF 0x3
AiM RD_AF 0 0x3
AiM RD_MAC 0 0x3
AiM WR_GB 64 0 0x3
AiM MAC_ABK 64 0x3 1015
AiM WR_GB 64 0 0x3
AiM MAC_ABK 64 0x3 1016
AiM AF 0x3
AiM RD_AF 0 0x3
AiM RD_MAC 0 0x3
AiM WR_GB 64 0 0x3
AiM MAC_ABK 64 0x3 1017
AiM WR_GB 64 0 0x3
AiM MAC_ABK 64 0x3 1018
AiM AF 0x3
AiM RD_AF 0 0x3
AiM RD_MAC 0 0x3
AiM WR_GB 64 0 0x3
AiM MAC_ABK 64 0x3 1019
AiM WR_GB 64 0 0x3
AiM MAC_ABK 64 0x3 1020
AiM AF 0x3
AiM RD_AF 0 0x3
AiM RD_MAC 0 0x3
AiM WR_GB 64 0 0x3
AiM MAC_ABK 64 0x3 1021
AiM WR_GB 64 0 0x3
AiM MAC_ABK 64 0x3 1022
AiM AF 0x3
AiM RD_AF 0 0x3
AiM RD_MAC 0 0x3
AiM WR_GB 64 0 0x3
AiM MAC_ABK 64 0x3 1023
AiM WR_GB 64 0 0x3
AiM MAC_ABK 64 0x3 1024
AiM AF 0x3
AiM RD_AF 0 0x3
AiM RD_MAC 0 0x3
AiM WR_GB 64 0 0x3
AiM MAC_ABK 64 0x3 1025
AiM WR_GB 64 0 0x3
AiM MAC_ABK 64 0x3 1026
AiM AF 0x3
AiM RD_AF 0 0x3
AiM RD_MAC 0 0x3
AiM WR_GB 64 0 0x3
AiM MAC_ABK 64 0x3 1027
AiM WR_GB 64 0 0x3
AiM MAC_ABK 64 0x3 1028
AiM AF 0x3
AiM RD_AF 0 0x3
AiM RD_MAC 0 0x3
AiM WR_GB 64 0 0x3
AiM MAC_ABK 64 0x3 1029
AiM WR_GB 64 0 0x3
AiM MAC_ABK 64 0x3 1030
AiM AF 0x3
AiM RD_AF 0 0x3
AiM RD_MAC 0 0x3
AiM WR_GB 64 0 0x3
AiM MAC_ABK 64 0x3 1031
AiM WR_GB 64 0 0x3
AiM MAC_ABK 64 0x3 1032
AiM AF 0x3
AiM RD_AF 0 0x3
AiM RD_MAC 0 0x3
AiM WR_GB 64 0 0x3
AiM MAC_ABK 64 0x3 1033
AiM WR_GB 64 0 0x3
AiM MAC_ABK 64 0x3 1034
AiM AF 0x3
AiM RD_AF 0 0x3
AiM RD_MAC 0 0x3
AiM WR_GB 64 0 0x3
AiM MAC_ABK 64 0x3 1035
AiM WR_GB 64 0 0x3
AiM MAC_ABK 64 0x3 1036
AiM AF 0x3
AiM RD_AF 0 0x3
AiM RD_MAC 0 0x3
AiM WR_GB 64 0 0x3
AiM MAC_ABK 64 0x3 1037
AiM WR_GB 64 0 0x3
AiM MAC_ABK 64 0x3 1038
AiM AF 0x3
AiM RD_AF 0 0x3
AiM RD_MAC 0 0x3
AiM WR_GB 64 0 0x3
AiM MAC_ABK 64 0x3 1039
AiM WR_GB 64 0 0x3
AiM MAC_ABK 64 0x3 1040
AiM AF 0x3
AiM RD_AF 0 0x3
AiM RD_MAC 0 0x3
AiM WR_GB 64 0 0x3
AiM MAC_ABK 64 0x3 1041
AiM MAC_ABK 64 0x3 1043
AiM WR_GB 64 0 0x3
AiM MAC_ABK 64 0x3 1042
AiM MAC_ABK 64 0x3 1044
AiM RD_MAC 0 0x3
AiM RD_MAC 0 0x3
AiM WR_GB 64 0 0x3
AiM MAC_ABK 64 0x3 1045
AiM MAC_ABK 64 0x3 1047
AiM WR_GB 64 0 0x3
AiM MAC_ABK 64 0x3 1046
AiM MAC_ABK 64 0x3 1048
AiM RD_MAC 0 0x3
AiM RD_MAC 0 0x3
AiM WR_GB 64 0 0x3
AiM MAC_ABK 64 0x3 1049
AiM MAC_ABK 64 0x3 1051
AiM WR_GB 64 0 0x3
AiM MAC_ABK 64 0x3 1050
AiM MAC_ABK 64 0x3 1052
AiM RD_MAC 0 0x3
AiM RD_MAC 0 0x3
AiM WR_GB 64 0 0x3
AiM MAC_ABK 64 0x3 1053
AiM MAC_ABK 64 0x3 1055
AiM WR_GB 64 0 0x3
AiM MAC_ABK 64 0x3 1054
AiM MAC_ABK 64 0x3 1056
AiM RD_MAC 0 0x3
AiM RD_MAC 0 0x3
AiM WR_GB 64 0 0x3
AiM MAC_ABK 64 0x3 1057
AiM MAC_ABK 64 0x3 1059
AiM WR_GB 64 0 0x3
AiM MAC_ABK 64 0x3 1058
AiM MAC_ABK 64 0x3 1060
AiM RD_MAC 0 0x3
AiM RD_MAC 0 0x3
AiM WR_GB 64 0 0x3
AiM MAC_ABK 64 0x3 1061
AiM MAC_ABK 64 0x3 1063
AiM WR_GB 64 0 0x3
AiM MAC_ABK 64 0x3 1062
AiM MAC_ABK 64 0x3 1064
AiM RD_MAC 0 0x3
AiM RD_MAC 0 0x3
AiM WR_GB 64 0 0x3
AiM MAC_ABK 64 0x3 1065
AiM MAC_ABK 64 0x3 1067
AiM WR_GB 64 0 0x3
AiM MAC_ABK 64 0x3 1066
AiM MAC_ABK 64 0x3 1068
AiM RD_MAC 0 0x3
AiM RD_MAC 0 0x3
AiM WR_GB 64 0 0x3
AiM MAC_ABK 64 0x3 1069
AiM MAC_ABK 64 0x3 1071
AiM WR_GB 64 0 0x3
AiM MAC_ABK 64 0x3 1070
AiM MAC_ABK 64 0x3 1072
AiM RD_MAC 0 0x3
AiM RD_MAC 0 0x3
AiM WR_GB 64 0 0x3
AiM MAC_ABK 64 0x3 1073
AiM MAC_ABK 64 0x3 1075
AiM WR_GB 64 0 0x3
AiM MAC_ABK 64 0x3 1074
AiM MAC_ABK 64 0x3 1076
AiM RD_MAC 0 0x3
AiM RD_MAC 0 0x3
AiM WR_GB 64 0 0x3
AiM MAC_ABK 64 0x3 1077
AiM MAC_ABK 64 0x3 1079
AiM WR_GB 64 0 0x3
AiM MAC_ABK 64 0x3 1078
AiM MAC_ABK 64 0x3 1080
AiM RD_MAC 0 0x3
AiM RD_MAC 0 0x3
AiM WR_GB 64 0 0x3
AiM MAC_ABK 64 0x3 1081
AiM MAC_ABK 64 0x3 1083
AiM WR_GB 64 0 0x3
AiM MAC_ABK 64 0x3 1082
AiM MAC_ABK 64 0x3 1084
AiM RD_MAC 0 0x3
AiM RD_MAC 0 0x3
AiM WR_GB 64 0 0x3
AiM MAC_ABK 64 0x3 1085
AiM MAC_ABK 64 0x3 1087
AiM WR_GB 64 0 0x3
AiM MAC_ABK 64 0x3 1086
AiM MAC_ABK 64 0x3 1088
AiM RD_MAC 0 0x3
AiM RD_MAC 0 0x3
AiM WR_GB 64 0 0x3
AiM MAC_ABK 64 0x3 1089
AiM MAC_ABK 64 0x3 1091
AiM WR_GB 64 0 0x3
AiM MAC_ABK 64 0x3 1090
AiM MAC_ABK 64 0x3 1092
AiM RD_MAC 0 0x3
AiM RD_MAC 0 0x3
AiM WR_GB 64 0 0x3
AiM MAC_ABK 64 0x3 1093
AiM MAC_ABK 64 0x3 1095
AiM WR_GB 64 0 0x3
AiM MAC_ABK 64 0x3 1094
AiM MAC_ABK 64 0x3 1096
AiM RD_MAC 0 0x3
AiM RD_MAC 0 0x3
AiM WR_GB 64 0 0x3
AiM MAC_ABK 64 0x3 1097
AiM MAC_ABK 64 0x3 1099
AiM WR_GB 64 0 0x3
AiM MAC_ABK 64 0x3 1098
AiM MAC_ABK 64 0x3 1100
AiM RD_MAC 0 0x3
AiM RD_MAC 0 0x3
AiM WR_GB 64 0 0x3
AiM MAC_ABK 64 0x3 1101
AiM MAC_ABK 64 0x3 1103
AiM WR_GB 64 0 0x3
AiM MAC_ABK 64 0x3 1102
AiM MAC_ABK 64 0x3 1104
AiM RD_MAC 0 0x3
AiM RD_MAC 0 0x3
AiM WR_GB 64 0 0x3
AiM MAC_ABK 64 0x3 1105
AiM MAC_ABK 64 0x3 1107
AiM WR_GB 64 0 0x3
AiM MAC_ABK 64 0x3 1106
AiM MAC_ABK 64 0x3 1108
AiM RD_MAC 0 0x3
AiM RD_MAC 0 0x3
AiM WR_GB 64 0 0x3
AiM MAC_ABK 64 0x3 1109
AiM MAC_ABK 64 0x3 1111
AiM WR_GB 64 0 0x3
AiM MAC_ABK 64 0x3 1110
AiM MAC_ABK 64 0x3 1112
AiM RD_MAC 0 0x3
AiM RD_MAC 0 0x3
AiM WR_GB 64 0 0x3
AiM MAC_ABK 64 0x3 1113
AiM MAC_ABK 64 0x3 1115
AiM WR_GB 64 0 0x3
AiM MAC_ABK 64 0x3 1114
AiM MAC_ABK 64 0x3 1116
AiM RD_MAC 0 0x3
AiM RD_MAC 0 0x3
AiM WR_GB 64 0 0x3
AiM MAC_ABK 64 0x3 1117
AiM MAC_ABK 64 0x3 1119
AiM WR_GB 64 0 0x3
AiM MAC_ABK 64 0x3 1118
AiM MAC_ABK 64 0x3 1120
AiM RD_MAC 0 0x3
AiM RD_MAC 0 0x3
AiM WR_GB 64 0 0x3
AiM MAC_ABK 64 0x3 1121
AiM MAC_ABK 64 0x3 1123
AiM WR_GB 64 0 0x3
AiM MAC_ABK 64 0x3 1122
AiM MAC_ABK 64 0x3 1124
AiM RD_MAC 0 0x3
AiM RD_MAC 0 0x3
AiM WR_GB 64 0 0x3
AiM MAC_ABK 64 0x3 1125
AiM MAC_ABK 64 0x3 1127
AiM WR_GB 64 0 0x3
AiM MAC_ABK 64 0x3 1126
AiM MAC_ABK 64 0x3 1128
AiM RD_MAC 0 0x3
AiM RD_MAC 0 0x3
AiM WR_GB 64 0 0x3
AiM MAC_ABK 64 0x3 1129
AiM MAC_ABK 64 0x3 1131
AiM WR_GB 64 0 0x3
AiM MAC_ABK 64 0x3 1130
AiM MAC_ABK 64 0x3 1132
AiM RD_MAC 0 0x3
AiM RD_MAC 0 0x3
AiM WR_GB 64 0 0x3
AiM MAC_ABK 64 0x3 1133
AiM MAC_ABK 64 0x3 1135
AiM WR_GB 64 0 0x3
AiM MAC_ABK 64 0x3 1134
AiM MAC_ABK 64 0x3 1136
AiM RD_MAC 0 0x3
AiM RD_MAC 0 0x3
AiM WR_GB 64 0 0x3
AiM MAC_ABK 64 0x3 1137
AiM MAC_ABK 64 0x3 1139
AiM WR_GB 64 0 0x3
AiM MAC_ABK 64 0x3 1138
AiM MAC_ABK 64 0x3 1140
AiM RD_MAC 0 0x3
AiM RD_MAC 0 0x3
AiM WR_GB 64 0 0x3
AiM MAC_ABK 64 0x3 1141
AiM MAC_ABK 64 0x3 1143
AiM WR_GB 64 0 0x3
AiM MAC_ABK 64 0x3 1142
AiM MAC_ABK 64 0x3 1144
AiM RD_MAC 0 0x3
AiM RD_MAC 0 0x3
AiM WR_GB 64 0 0x3
AiM MAC_ABK 64 0x3 1145
AiM MAC_ABK 64 0x3 1147
AiM WR_GB 64 0 0x3
AiM MAC_ABK 64 0x3 1146
AiM MAC_ABK 64 0x3 1148
AiM RD_MAC 0 0x3
AiM RD_MAC 0 0x3
AiM WR_GB 64 0 0x3
AiM MAC_ABK 64 0x3 1149
AiM MAC_ABK 64 0x3 1151
AiM WR_GB 64 0 0x3
AiM MAC_ABK 64 0x3 1150
AiM MAC_ABK 64 0x3 1152
AiM RD_MAC 0 0x3
AiM RD_MAC 0 0x3
AiM WR_GB 64 0 0x3
AiM MAC_ABK 64 0x3 1153
AiM MAC_ABK 64 0x3 1155
AiM WR_GB 64 0 0x3
AiM MAC_ABK 64 0x3 1154
AiM MAC_ABK 64 0x3 1156
AiM RD_MAC 0 0x3
AiM RD_MAC 0 0x3
AiM WR_GB 64 0 0x3
AiM MAC_ABK 64 0x3 1157
AiM MAC_ABK 64 0x3 1159
AiM WR_GB 64 0 0x3
AiM MAC_ABK 64 0x3 1158
AiM MAC_ABK 64 0x3 1160
AiM RD_MAC 0 0x3
AiM RD_MAC 0 0x3
AiM WR_GB 64 0 0x3
AiM MAC_ABK 64 0x3 1161
AiM MAC_ABK 64 0x3 1163
AiM WR_GB 64 0 0x3
AiM MAC_ABK 64 0x3 1162
AiM MAC_ABK 64 0x3 1164
AiM RD_MAC 0 0x3
AiM RD_MAC 0 0x3
AiM WR_GB 64 0 0x3
AiM MAC_ABK 64 0x3 1165
AiM MAC_ABK 64 0x3 1167
AiM WR_GB 64 0 0x3
AiM MAC_ABK 64 0x3 1166
AiM MAC_ABK 64 0x3 1168
AiM RD_MAC 0 0x3
AiM RD_MAC 0 0x3
AiM WR_GB 64 0 0x3
AiM MAC_ABK 64 0x3 1169
AiM MAC_ABK 64 0x3 1171
AiM WR_GB 64 0 0x3
AiM MAC_ABK 64 0x3 1170
AiM MAC_ABK 64 0x3 1172
AiM RD_MAC 0 0x3
AiM RD_MAC 0 0x3
AiM WR_GB 64 0 0x3
AiM MAC_ABK 64 0x3 1173
AiM MAC_ABK 64 0x3 1175
AiM WR_GB 64 0 0x3
AiM MAC_ABK 64 0x3 1174
AiM MAC_ABK 64 0x3 1176
AiM RD_MAC 0 0x3
AiM RD_MAC 0 0x3
AiM WR_GB 64 0 0x3
AiM MAC_ABK 64 0x3 1177
AiM MAC_ABK 64 0x3 1179
AiM WR_GB 64 0 0x3
AiM MAC_ABK 64 0x3 1178
AiM MAC_ABK 64 0x3 1180
AiM RD_MAC 0 0x3
AiM RD_MAC 0 0x3
AiM WR_GB 64 0 0x3
AiM MAC_ABK 64 0x3 1181
AiM MAC_ABK 64 0x3 1183
AiM WR_GB 64 0 0x3
AiM MAC_ABK 64 0x3 1182
AiM MAC_ABK 64 0x3 1184
AiM RD_MAC 0 0x3
AiM RD_MAC 0 0x3
AiM WR_GB 64 0 0x3
AiM MAC_ABK 64 0x3 1185
AiM MAC_ABK 64 0x3 1187
AiM WR_GB 64 0 0x3
AiM MAC_ABK 64 0x3 1186
AiM MAC_ABK 64 0x3 1188
AiM RD_MAC 0 0x3
AiM RD_MAC 0 0x3
AiM WR_GB 64 0 0x3
AiM MAC_ABK 64 0x3 1189
AiM MAC_ABK 64 0x3 1191
AiM WR_GB 64 0 0x3
AiM MAC_ABK 64 0x3 1190
AiM MAC_ABK 64 0x3 1192
AiM RD_MAC 0 0x3
AiM RD_MAC 0 0x3
AiM WR_GB 64 0 0x3
AiM MAC_ABK 64 0x3 1193
AiM MAC_ABK 64 0x3 1195
AiM WR_GB 64 0 0x3
AiM MAC_ABK 64 0x3 1194
AiM MAC_ABK 64 0x3 1196
AiM RD_MAC 0 0x3
AiM RD_MAC 0 0x3
AiM WR_GB 64 0 0x3
AiM MAC_ABK 64 0x3 1197
AiM MAC_ABK 64 0x3 1199
AiM WR_GB 64 0 0x3
AiM MAC_ABK 64 0x3 1198
AiM MAC_ABK 64 0x3 1200
AiM RD_MAC 0 0x3
AiM RD_MAC 0 0x3
AiM WR_GB 64 0 0x3
AiM MAC_ABK 64 0x3 1201
AiM MAC_ABK 64 0x3 1203
AiM WR_GB 64 0 0x3
AiM MAC_ABK 64 0x3 1202
AiM MAC_ABK 64 0x3 1204
AiM RD_MAC 0 0x3
AiM RD_MAC 0 0x3
AiM WR_GB 64 0 0x3
AiM MAC_ABK 64 0x3 1205
AiM MAC_ABK 64 0x3 1207
AiM WR_GB 64 0 0x3
AiM MAC_ABK 64 0x3 1206
AiM MAC_ABK 64 0x3 1208
AiM RD_MAC 0 0x3
AiM RD_MAC 0 0x3
AiM WR_GB 64 0 0x3
AiM MAC_ABK 64 0x3 1209
AiM MAC_ABK 64 0x3 1211
AiM WR_GB 64 0 0x3
AiM MAC_ABK 64 0x3 1210
AiM MAC_ABK 64 0x3 1212
AiM RD_MAC 0 0x3
AiM RD_MAC 0 0x3
AiM WR_GB 64 0 0x3
AiM MAC_ABK 64 0x3 1213
AiM MAC_ABK 64 0x3 1215
AiM WR_GB 64 0 0x3
AiM MAC_ABK 64 0x3 1214
AiM MAC_ABK 64 0x3 1216
AiM RD_MAC 0 0x3
AiM RD_MAC 0 0x3
AiM WR_GB 64 0 0x3
AiM MAC_ABK 64 0x3 1217
AiM MAC_ABK 64 0x3 1219
AiM WR_GB 64 0 0x3
AiM MAC_ABK 64 0x3 1218
AiM MAC_ABK 64 0x3 1220
AiM RD_MAC 0 0x3
AiM RD_MAC 0 0x3
AiM WR_GB 64 0 0x3
AiM MAC_ABK 64 0x3 1221
AiM MAC_ABK 64 0x3 1223
AiM WR_GB 64 0 0x3
AiM MAC_ABK 64 0x3 1222
AiM MAC_ABK 64 0x3 1224
AiM RD_MAC 0 0x3
AiM RD_MAC 0 0x3
AiM WR_GB 64 0 0x3
AiM MAC_ABK 64 0x3 1225
AiM MAC_ABK 64 0x3 1227
AiM WR_GB 64 0 0x3
AiM MAC_ABK 64 0x3 1226
AiM MAC_ABK 64 0x3 1228
AiM RD_MAC 0 0x3
AiM RD_MAC 0 0x3
AiM WR_GB 64 0 0x3
AiM MAC_ABK 64 0x3 1229
AiM MAC_ABK 64 0x3 1231
AiM WR_GB 64 0 0x3
AiM MAC_ABK 64 0x3 1230
AiM MAC_ABK 64 0x3 1232
AiM RD_MAC 0 0x3
AiM RD_MAC 0 0x3
AiM WR_GB 64 0 0x3
AiM MAC_ABK 64 0x3 1233
AiM MAC_ABK 64 0x3 1235
AiM WR_GB 64 0 0x3
AiM MAC_ABK 64 0x3 1234
AiM MAC_ABK 64 0x3 1236
AiM RD_MAC 0 0x3
AiM RD_MAC 0 0x3
AiM WR_GB 64 0 0x3
AiM MAC_ABK 64 0x3 1237
AiM MAC_ABK 64 0x3 1239
AiM WR_GB 64 0 0x3
AiM MAC_ABK 64 0x3 1238
AiM MAC_ABK 64 0x3 1240
AiM RD_MAC 0 0x3
AiM RD_MAC 0 0x3
AiM WR_GB 64 0 0x3
AiM MAC_ABK 64 0x3 1241
AiM MAC_ABK 64 0x3 1243
AiM WR_GB 64 0 0x3
AiM MAC_ABK 64 0x3 1242
AiM MAC_ABK 64 0x3 1244
AiM RD_MAC 0 0x3
AiM RD_MAC 0 0x3
AiM WR_GB 64 0 0x3
AiM MAC_ABK 64 0x3 1245
AiM MAC_ABK 64 0x3 1247
AiM WR_GB 64 0 0x3
AiM MAC_ABK 64 0x3 1246
AiM MAC_ABK 64 0x3 1248
AiM RD_MAC 0 0x3
AiM RD_MAC 0 0x3
AiM WR_GB 64 0 0x3
AiM MAC_ABK 64 0x3 1249
AiM MAC_ABK 64 0x3 1251
AiM WR_GB 64 0 0x3
AiM MAC_ABK 64 0x3 1250
AiM MAC_ABK 64 0x3 1252
AiM RD_MAC 0 0x3
AiM RD_MAC 0 0x3
AiM WR_GB 64 0 0x3
AiM MAC_ABK 64 0x3 1253
AiM MAC_ABK 64 0x3 1255
AiM WR_GB 64 0 0x3
AiM MAC_ABK 64 0x3 1254
AiM MAC_ABK 64 0x3 1256
AiM RD_MAC 0 0x3
AiM RD_MAC 0 0x3
AiM WR_GB 64 0 0x3
AiM MAC_ABK 64 0x3 1257
AiM MAC_ABK 64 0x3 1259
AiM WR_GB 64 0 0x3
AiM MAC_ABK 64 0x3 1258
AiM MAC_ABK 64 0x3 1260
AiM RD_MAC 0 0x3
AiM RD_MAC 0 0x3
AiM WR_GB 64 0 0x3
AiM MAC_ABK 64 0x3 1261
AiM MAC_ABK 64 0x3 1263
AiM WR_GB 64 0 0x3
AiM MAC_ABK 64 0x3 1262
AiM MAC_ABK 64 0x3 1264
AiM RD_MAC 0 0x3
AiM RD_MAC 0 0x3
AiM WR_GB 64 0 0x3
AiM MAC_ABK 64 0x3 1265
AiM MAC_ABK 64 0x3 1267
AiM WR_GB 64 0 0x3
AiM MAC_ABK 64 0x3 1266
AiM MAC_ABK 64 0x3 1268
AiM RD_MAC 0 0x3
AiM RD_MAC 0 0x3
AiM WR_GB 64 0 0x3
AiM MAC_ABK 64 0x3 1269
AiM MAC_ABK 64 0x3 1271
AiM WR_GB 64 0 0x3
AiM MAC_ABK 64 0x3 1270
AiM MAC_ABK 64 0x3 1272
AiM RD_MAC 0 0x3
AiM RD_MAC 0 0x3
AiM WR_GB 64 0 0x3
AiM MAC_ABK 64 0x3 1273
AiM MAC_ABK 64 0x3 1275
AiM WR_GB 64 0 0x3
AiM MAC_ABK 64 0x3 1274
AiM MAC_ABK 64 0x3 1276
AiM RD_MAC 0 0x3
AiM RD_MAC 0 0x3
AiM WR_GB 64 0 0x3
AiM MAC_ABK 64 0x3 1277
AiM MAC_ABK 64 0x3 1279
AiM WR_GB 64 0 0x3
AiM MAC_ABK 64 0x3 1278
AiM MAC_ABK 64 0x3 1280
AiM RD_MAC 0 0x3
AiM RD_MAC 0 0x3
AiM WR_GB 64 0 0x3
AiM MAC_ABK 64 0x3 1281
AiM MAC_ABK 64 0x3 1283
AiM WR_GB 64 0 0x3
AiM MAC_ABK 64 0x3 1282
AiM MAC_ABK 64 0x3 1284
AiM RD_MAC 0 0x3
AiM RD_MAC 0 0x3
AiM WR_GB 64 0 0x3
AiM MAC_ABK 64 0x3 1285
AiM MAC_ABK 64 0x3 1287
AiM WR_GB 64 0 0x3
AiM MAC_ABK 64 0x3 1286
AiM MAC_ABK 64 0x3 1288
AiM RD_MAC 0 0x3
AiM RD_MAC 0 0x3
AiM WR_GB 64 0 0x3
AiM MAC_ABK 64 0x3 1289
AiM MAC_ABK 64 0x3 1291
AiM WR_GB 64 0 0x3
AiM MAC_ABK 64 0x3 1290
AiM MAC_ABK 64 0x3 1292
AiM RD_MAC 0 0x3
AiM RD_MAC 0 0x3
AiM WR_GB 64 0 0x3
AiM MAC_ABK 64 0x3 1293
AiM MAC_ABK 64 0x3 1295
AiM WR_GB 64 0 0x3
AiM MAC_ABK 64 0x3 1294
AiM MAC_ABK 64 0x3 1296
AiM RD_MAC 0 0x3
AiM RD_MAC 0 0x3
AiM WR_GB 64 0 0x3
AiM MAC_ABK 64 0x3 1297
AiM MAC_ABK 64 0x3 1299
AiM WR_GB 64 0 0x3
AiM MAC_ABK 64 0x3 1298
AiM MAC_ABK 64 0x3 1300
AiM RD_MAC 0 0x3
AiM RD_MAC 0 0x3
AiM WR_GB 64 0 0x3
AiM MAC_ABK 64 0x3 1301
AiM MAC_ABK 64 0x3 1303
AiM WR_GB 64 0 0x3
AiM MAC_ABK 64 0x3 1302
AiM MAC_ABK 64 0x3 1304
AiM RD_MAC 0 0x3
AiM RD_MAC 0 0x3
AiM WR_GB 64 0 0x3
AiM MAC_ABK 64 0x3 1305
AiM MAC_ABK 64 0x3 1307
AiM WR_GB 64 0 0x3
AiM MAC_ABK 64 0x3 1306
AiM MAC_ABK 64 0x3 1308
AiM RD_MAC 0 0x3
AiM RD_MAC 0 0x3
AiM WR_GB 64 0 0x3
AiM MAC_ABK 64 0x3 1309
AiM MAC_ABK 64 0x3 1311
AiM WR_GB 64 0 0x3
AiM MAC_ABK 64 0x3 1310
AiM MAC_ABK 64 0x3 1312
AiM RD_MAC 0 0x3
AiM RD_MAC 0 0x3
AiM WR_GB 64 0 0x3
AiM MAC_ABK 64 0x3 1313
AiM MAC_ABK 64 0x3 1315
AiM WR_GB 64 0 0x3
AiM MAC_ABK 64 0x3 1314
AiM MAC_ABK 64 0x3 1316
AiM RD_MAC 0 0x3
AiM RD_MAC 0 0x3
AiM WR_GB 64 0 0x3
AiM MAC_ABK 64 0x3 1317
AiM MAC_ABK 64 0x3 1319
AiM WR_GB 64 0 0x3
AiM MAC_ABK 64 0x3 1318
AiM MAC_ABK 64 0x3 1320
AiM RD_MAC 0 0x3
AiM RD_MAC 0 0x3
AiM WR_GB 64 0 0x3
AiM MAC_ABK 64 0x3 1321
AiM MAC_ABK 64 0x3 1323
AiM WR_GB 64 0 0x3
AiM MAC_ABK 64 0x3 1322
AiM MAC_ABK 64 0x3 1324
AiM RD_MAC 0 0x3
AiM RD_MAC 0 0x3
AiM WR_GB 64 0 0x3
AiM MAC_ABK 64 0x3 1325
AiM MAC_ABK 64 0x3 1327
AiM WR_GB 64 0 0x3
AiM MAC_ABK 64 0x3 1326
AiM MAC_ABK 64 0x3 1328
AiM RD_MAC 0 0x3
AiM RD_MAC 0 0x3
AiM WR_GB 64 0 0x3
AiM MAC_ABK 64 0x3 1329
AiM MAC_ABK 64 0x3 1331
AiM WR_GB 64 0 0x3
AiM MAC_ABK 64 0x3 1330
AiM MAC_ABK 64 0x3 1332
AiM RD_MAC 0 0x3
AiM RD_MAC 0 0x3
AiM WR_GB 64 0 0x3
AiM MAC_ABK 64 0x3 1333
AiM MAC_ABK 64 0x3 1335
AiM WR_GB 64 0 0x3
AiM MAC_ABK 64 0x3 1334
AiM MAC_ABK 64 0x3 1336
AiM RD_MAC 0 0x3
AiM RD_MAC 0 0x3
AiM WR_GB 64 0 0x3
AiM MAC_ABK 64 0x3 1337
AiM MAC_ABK 64 0x3 1339
AiM WR_GB 64 0 0x3
AiM MAC_ABK 64 0x3 1338
AiM MAC_ABK 64 0x3 1340
AiM RD_MAC 0 0x3
AiM RD_MAC 0 0x3
AiM WR_GB 64 0 0x3
AiM MAC_ABK 64 0x3 1341
AiM MAC_ABK 64 0x3 1343
AiM WR_GB 64 0 0x3
AiM MAC_ABK 64 0x3 1342
AiM MAC_ABK 64 0x3 1344
AiM RD_MAC 0 0x3
AiM RD_MAC 0 0x3
AiM WR_GB 64 0 0x3
AiM MAC_ABK 64 0x3 1345
AiM MAC_ABK 64 0x3 1347
AiM WR_GB 64 0 0x3
AiM MAC_ABK 64 0x3 1346
AiM MAC_ABK 64 0x3 1348
AiM RD_MAC 0 0x3
AiM RD_MAC 0 0x3
AiM WR_GB 64 0 0x3
AiM MAC_ABK 64 0x3 1349
AiM MAC_ABK 64 0x3 1351
AiM WR_GB 64 0 0x3
AiM MAC_ABK 64 0x3 1350
AiM MAC_ABK 64 0x3 1352
AiM RD_MAC 0 0x3
AiM RD_MAC 0 0x3
AiM WR_GB 64 0 0x3
AiM MAC_ABK 64 0x3 1353
AiM MAC_ABK 64 0x3 1355
AiM WR_GB 64 0 0x3
AiM MAC_ABK 64 0x3 1354
AiM MAC_ABK 64 0x3 1356
AiM RD_MAC 0 0x3
AiM RD_MAC 0 0x3
AiM WR_GB 64 0 0x3
AiM MAC_ABK 64 0x3 1357
AiM MAC_ABK 64 0x3 1359
AiM WR_GB 64 0 0x3
AiM MAC_ABK 64 0x3 1358
AiM MAC_ABK 64 0x3 1360
AiM RD_MAC 0 0x3
AiM RD_MAC 0 0x3
AiM WR_GB 64 0 0x3
AiM MAC_ABK 64 0x3 1361
AiM MAC_ABK 64 0x3 1363
AiM WR_GB 64 0 0x3
AiM MAC_ABK 64 0x3 1362
AiM MAC_ABK 64 0x3 1364
AiM RD_MAC 0 0x3
AiM RD_MAC 0 0x3
AiM WR_GB 64 0 0x3
AiM MAC_ABK 64 0x3 1365
AiM MAC_ABK 64 0x3 1367
AiM WR_GB 64 0 0x3
AiM MAC_ABK 64 0x3 1366
AiM MAC_ABK 64 0x3 1368
AiM RD_MAC 0 0x3
AiM RD_MAC 0 0x3
AiM WR_GB 64 0 0x3
AiM MAC_ABK 64 0x3 1369
AiM MAC_ABK 64 0x3 1371
AiM WR_GB 64 0 0x3
AiM MAC_ABK 64 0x3 1370
AiM MAC_ABK 64 0x3 1372
AiM RD_MAC 0 0x3
AiM RD_MAC 0 0x3
AiM WR_GB 64 0 0x3
AiM MAC_ABK 64 0x3 1373
AiM MAC_ABK 64 0x3 1375
AiM WR_GB 64 0 0x3
AiM MAC_ABK 64 0x3 1374
AiM MAC_ABK 64 0x3 1376
AiM RD_MAC 0 0x3
AiM RD_MAC 0 0x3
AiM WR_GB 64 0 0x3
AiM MAC_ABK 64 0x3 1377
AiM MAC_ABK 64 0x3 1379
AiM WR_GB 64 0 0x3
AiM MAC_ABK 64 0x3 1378
AiM MAC_ABK 64 0x3 1380
AiM RD_MAC 0 0x3
AiM RD_MAC 0 0x3
AiM WR_GB 64 0 0x3
AiM MAC_ABK 64 0x3 1381
AiM MAC_ABK 64 0x3 1383
AiM WR_GB 64 0 0x3
AiM MAC_ABK 64 0x3 1382
AiM MAC_ABK 64 0x3 1384
AiM RD_MAC 0 0x3
AiM RD_MAC 0 0x3
AiM WR_GB 64 0 0x3
AiM MAC_ABK 64 0x3 1385
AiM MAC_ABK 64 0x3 1387
AiM WR_GB 64 0 0x3
AiM MAC_ABK 64 0x3 1386
AiM MAC_ABK 64 0x3 1388
AiM RD_MAC 0 0x3
AiM RD_MAC 0 0x3
AiM WR_GB 64 0 0x3
AiM MAC_ABK 64 0x3 1389
AiM MAC_ABK 64 0x3 1391
AiM WR_GB 64 0 0x3
AiM MAC_ABK 64 0x3 1390
AiM MAC_ABK 64 0x3 1392
AiM RD_MAC 0 0x3
AiM RD_MAC 0 0x3
AiM WR_GB 64 0 0x3
AiM MAC_ABK 64 0x3 1393
AiM MAC_ABK 64 0x3 1395
AiM WR_GB 64 0 0x3
AiM MAC_ABK 64 0x3 1394
AiM MAC_ABK 64 0x3 1396
AiM RD_MAC 0 0x3
AiM RD_MAC 0 0x3
AiM WR_GB 64 0 0x3
AiM MAC_ABK 64 0x3 1397
AiM MAC_ABK 64 0x3 1399
AiM WR_GB 64 0 0x3
AiM MAC_ABK 64 0x3 1398
AiM MAC_ABK 64 0x3 1400
AiM RD_MAC 0 0x3
AiM RD_MAC 0 0x3
AiM WR_GB 64 0 0x3
AiM MAC_ABK 64 0x3 1401
AiM MAC_ABK 64 0x3 1403
AiM WR_GB 64 0 0x3
AiM MAC_ABK 64 0x3 1402
AiM MAC_ABK 64 0x3 1404
AiM RD_MAC 0 0x3
AiM RD_MAC 0 0x3
AiM WR_GB 64 0 0x3
AiM MAC_ABK 64 0x3 1405
AiM MAC_ABK 64 0x3 1407
AiM WR_GB 64 0 0x3
AiM MAC_ABK 64 0x3 1406
AiM MAC_ABK 64 0x3 1408
AiM RD_MAC 0 0x3
AiM RD_MAC 0 0x3
AiM WR_GB 64 0 0x3
AiM MAC_ABK 64 0x3 1409
AiM MAC_ABK 64 0x3 1411
AiM WR_GB 64 0 0x3
AiM MAC_ABK 64 0x3 1410
AiM MAC_ABK 64 0x3 1412
AiM RD_MAC 0 0x3
AiM RD_MAC 0 0x3
AiM WR_GB 64 0 0x3
AiM MAC_ABK 64 0x3 1413
AiM MAC_ABK 64 0x3 1415
AiM WR_GB 64 0 0x3
AiM MAC_ABK 64 0x3 1414
AiM MAC_ABK 64 0x3 1416
AiM RD_MAC 0 0x3
AiM RD_MAC 0 0x3
AiM WR_GB 64 0 0x3
AiM MAC_ABK 64 0x3 1417
AiM MAC_ABK 64 0x3 1419
AiM WR_GB 64 0 0x3
AiM MAC_ABK 64 0x3 1418
AiM MAC_ABK 64 0x3 1420
AiM RD_MAC 0 0x3
AiM RD_MAC 0 0x3
AiM WR_GB 64 0 0x3
AiM MAC_ABK 64 0x3 1421
AiM MAC_ABK 64 0x3 1423
AiM WR_GB 64 0 0x3
AiM MAC_ABK 64 0x3 1422
AiM MAC_ABK 64 0x3 1424
AiM RD_MAC 0 0x3
AiM RD_MAC 0 0x3
AiM WR_GB 64 0 0x3
AiM MAC_ABK 64 0x3 1425
AiM MAC_ABK 64 0x3 1427
AiM WR_GB 64 0 0x3
AiM MAC_ABK 64 0x3 1426
AiM MAC_ABK 64 0x3 1428
AiM RD_MAC 0 0x3
AiM RD_MAC 0 0x3
AiM WR_GB 64 0 0x3
AiM MAC_ABK 64 0x3 1429
AiM MAC_ABK 64 0x3 1431
AiM WR_GB 64 0 0x3
AiM MAC_ABK 64 0x3 1430
AiM MAC_ABK 64 0x3 1432
AiM RD_MAC 0 0x3
AiM RD_MAC 0 0x3
AiM WR_GB 64 0 0x3
AiM MAC_ABK 64 0x3 1433
AiM MAC_ABK 64 0x3 1435
AiM WR_GB 64 0 0x3
AiM MAC_ABK 64 0x3 1434
AiM MAC_ABK 64 0x3 1436
AiM RD_MAC 0 0x3
AiM RD_MAC 0 0x3
AiM WR_GB 64 0 0x3
AiM MAC_ABK 64 0x3 1437
AiM MAC_ABK 64 0x3 1439
AiM WR_GB 64 0 0x3
AiM MAC_ABK 64 0x3 1438
AiM MAC_ABK 64 0x3 1440
AiM RD_MAC 0 0x3
AiM RD_MAC 0 0x3
AiM WR_GB 64 0 0x3
AiM MAC_ABK 64 0x3 1441
AiM MAC_ABK 64 0x3 1443
AiM WR_GB 64 0 0x3
AiM MAC_ABK 64 0x3 1442
AiM MAC_ABK 64 0x3 1444
AiM RD_MAC 0 0x3
AiM RD_MAC 0 0x3
AiM WR_GB 64 0 0x3
AiM MAC_ABK 64 0x3 1445
AiM MAC_ABK 64 0x3 1447
AiM WR_GB 64 0 0x3
AiM MAC_ABK 64 0x3 1446
AiM MAC_ABK 64 0x3 1448
AiM RD_MAC 0 0x3
AiM RD_MAC 0 0x3
AiM WR_GB 64 0 0x3
AiM MAC_ABK 64 0x3 1449
AiM MAC_ABK 64 0x3 1451
AiM WR_GB 64 0 0x3
AiM MAC_ABK 64 0x3 1450
AiM MAC_ABK 64 0x3 1452
AiM RD_MAC 0 0x3
AiM RD_MAC 0 0x3
AiM WR_GB 64 0 0x3
AiM MAC_ABK 64 0x3 1453
AiM MAC_ABK 64 0x3 1455
AiM WR_GB 64 0 0x3
AiM MAC_ABK 64 0x3 1454
AiM MAC_ABK 64 0x3 1456
AiM RD_MAC 0 0x3
AiM RD_MAC 0 0x3
AiM WR_GB 64 0 0x3
AiM MAC_ABK 64 0x3 1457
AiM MAC_ABK 64 0x3 1459
AiM WR_GB 64 0 0x3
AiM MAC_ABK 64 0x3 1458
AiM MAC_ABK 64 0x3 1460
AiM RD_MAC 0 0x3
AiM RD_MAC 0 0x3
AiM WR_GB 64 0 0x3
AiM MAC_ABK 64 0x3 1461
AiM MAC_ABK 64 0x3 1463
AiM WR_GB 64 0 0x3
AiM MAC_ABK 64 0x3 1462
AiM MAC_ABK 64 0x3 1464
AiM RD_MAC 0 0x3
AiM RD_MAC 0 0x3
AiM WR_GB 64 0 0x3
AiM MAC_ABK 64 0x3 1465
AiM MAC_ABK 64 0x3 1467
AiM WR_GB 64 0 0x3
AiM MAC_ABK 64 0x3 1466
AiM MAC_ABK 64 0x3 1468
AiM RD_MAC 0 0x3
AiM RD_MAC 0 0x3
AiM WR_GB 64 0 0x3
AiM MAC_ABK 64 0x3 1469
AiM MAC_ABK 64 0x3 1471
AiM WR_GB 64 0 0x3
AiM MAC_ABK 64 0x3 1470
AiM MAC_ABK 64 0x3 1472
AiM RD_MAC 0 0x3
AiM RD_MAC 0 0x3
AiM WR_GB 64 0 0x3
AiM MAC_ABK 64 0x3 1473
AiM MAC_ABK 64 0x3 1475
AiM WR_GB 64 0 0x3
AiM MAC_ABK 64 0x3 1474
AiM MAC_ABK 64 0x3 1476
AiM RD_MAC 0 0x3
AiM RD_MAC 0 0x3
AiM WR_GB 64 0 0x3
AiM MAC_ABK 64 0x3 1477
AiM MAC_ABK 64 0x3 1479
AiM WR_GB 64 0 0x3
AiM MAC_ABK 64 0x3 1478
AiM MAC_ABK 64 0x3 1480
AiM RD_MAC 0 0x3
AiM RD_MAC 0 0x3
AiM WR_GB 64 0 0x3
AiM MAC_ABK 64 0x3 1481
AiM MAC_ABK 64 0x3 1483
AiM WR_GB 64 0 0x3
AiM MAC_ABK 64 0x3 1482
AiM MAC_ABK 64 0x3 1484
AiM RD_MAC 0 0x3
AiM RD_MAC 0 0x3
AiM WR_GB 64 0 0x3
AiM MAC_ABK 64 0x3 1485
AiM MAC_ABK 64 0x3 1487
AiM WR_GB 64 0 0x3
AiM MAC_ABK 64 0x3 1486
AiM MAC_ABK 64 0x3 1488
AiM RD_MAC 0 0x3
AiM RD_MAC 0 0x3
AiM WR_GB 64 0 0x3
AiM MAC_ABK 64 0x3 1489
AiM MAC_ABK 64 0x3 1491
AiM WR_GB 64 0 0x3
AiM MAC_ABK 64 0x3 1490
AiM MAC_ABK 64 0x3 1492
AiM RD_MAC 0 0x3
AiM RD_MAC 0 0x3
AiM WR_GB 64 0 0x3
AiM MAC_ABK 64 0x3 1493
AiM MAC_ABK 64 0x3 1495
AiM WR_GB 64 0 0x3
AiM MAC_ABK 64 0x3 1494
AiM MAC_ABK 64 0x3 1496
AiM RD_MAC 0 0x3
AiM RD_MAC 0 0x3
AiM WR_GB 64 0 0x3
AiM MAC_ABK 64 0x3 1497
AiM MAC_ABK 64 0x3 1499
AiM WR_GB 64 0 0x3
AiM MAC_ABK 64 0x3 1498
AiM MAC_ABK 64 0x3 1500
AiM RD_MAC 0 0x3
AiM RD_MAC 0 0x3
AiM WR_GB 64 0 0x3
AiM MAC_ABK 64 0x3 1501
AiM MAC_ABK 64 0x3 1503
AiM WR_GB 64 0 0x3
AiM MAC_ABK 64 0x3 1502
AiM MAC_ABK 64 0x3 1504
AiM RD_MAC 0 0x3
AiM RD_MAC 0 0x3
AiM WR_GB 64 0 0x3
AiM MAC_ABK 64 0x3 1505
AiM MAC_ABK 64 0x3 1507
AiM WR_GB 64 0 0x3
AiM MAC_ABK 64 0x3 1506
AiM MAC_ABK 64 0x3 1508
AiM RD_MAC 0 0x3
AiM RD_MAC 0 0x3
AiM WR_GB 64 0 0x3
AiM MAC_ABK 64 0x3 1509
AiM MAC_ABK 64 0x3 1511
AiM WR_GB 64 0 0x3
AiM MAC_ABK 64 0x3 1510
AiM MAC_ABK 64 0x3 1512
AiM RD_MAC 0 0x3
AiM RD_MAC 0 0x3
AiM WR_GB 64 0 0x3
AiM MAC_ABK 64 0x3 1513
AiM MAC_ABK 64 0x3 1515
AiM WR_GB 64 0 0x3
AiM MAC_ABK 64 0x3 1514
AiM MAC_ABK 64 0x3 1516
AiM RD_MAC 0 0x3
AiM RD_MAC 0 0x3
AiM WR_GB 64 0 0x3
AiM MAC_ABK 64 0x3 1517
AiM MAC_ABK 64 0x3 1519
AiM WR_GB 64 0 0x3
AiM MAC_ABK 64 0x3 1518
AiM MAC_ABK 64 0x3 1520
AiM RD_MAC 0 0x3
AiM RD_MAC 0 0x3
AiM WR_GB 64 0 0x3
AiM MAC_ABK 64 0x3 1521
AiM MAC_ABK 64 0x3 1523
AiM WR_GB 64 0 0x3
AiM MAC_ABK 64 0x3 1522
AiM MAC_ABK 64 0x3 1524
AiM RD_MAC 0 0x3
AiM RD_MAC 0 0x3
AiM WR_GB 64 0 0x3
AiM MAC_ABK 64 0x3 1525
AiM MAC_ABK 64 0x3 1527
AiM WR_GB 64 0 0x3
AiM MAC_ABK 64 0x3 1526
AiM MAC_ABK 64 0x3 1528
AiM RD_MAC 0 0x3
AiM RD_MAC 0 0x3
AiM WR_GB 64 0 0x3
AiM MAC_ABK 64 0x3 1529
AiM MAC_ABK 64 0x3 1531
AiM WR_GB 64 0 0x3
AiM MAC_ABK 64 0x3 1530
AiM MAC_ABK 64 0x3 1532
AiM RD_MAC 0 0x3
AiM RD_MAC 0 0x3
AiM WR_GB 64 0 0x3
AiM MAC_ABK 64 0x3 1533
AiM MAC_ABK 64 0x3 1535
AiM WR_GB 64 0 0x3
AiM MAC_ABK 64 0x3 1534
AiM MAC_ABK 64 0x3 1536
AiM RD_MAC 0 0x3
AiM RD_MAC 0 0x3
AiM WR_GB 64 0 0x3
AiM MAC_ABK 64 0x3 1537
AiM MAC_ABK 64 0x3 1539
AiM WR_GB 64 0 0x3
AiM MAC_ABK 64 0x3 1538
AiM MAC_ABK 64 0x3 1540
AiM RD_MAC 0 0x3
AiM RD_MAC 0 0x3
AiM WR_GB 64 0 0x3
AiM MAC_ABK 64 0x3 1541
AiM MAC_ABK 64 0x3 1543
AiM WR_GB 64 0 0x3
AiM MAC_ABK 64 0x3 1542
AiM MAC_ABK 64 0x3 1544
AiM RD_MAC 0 0x3
AiM RD_MAC 0 0x3
AiM WR_GB 64 0 0x3
AiM MAC_ABK 64 0x3 1545
AiM MAC_ABK 64 0x3 1547
AiM WR_GB 64 0 0x3
AiM MAC_ABK 64 0x3 1546
AiM MAC_ABK 64 0x3 1548
AiM RD_MAC 0 0x3
AiM RD_MAC 0 0x3
AiM WR_GB 64 0 0x3
AiM MAC_ABK 64 0x3 1549
AiM MAC_ABK 64 0x3 1551
AiM WR_GB 64 0 0x3
AiM MAC_ABK 64 0x3 1550
AiM MAC_ABK 64 0x3 1552
AiM RD_MAC 0 0x3
AiM RD_MAC 0 0x3
AiM WR_GB 64 0 0x3
AiM MAC_ABK 64 0x3 1557
AiM MAC_ABK 64 0x3 1565
AiM WR_GB 64 0 0x3
AiM MAC_ABK 64 0x3 1558
AiM MAC_ABK 64 0x3 1566
AiM WR_GB 64 0 0x3
AiM MAC_ABK 64 0x3 1559
AiM MAC_ABK 64 0x3 1567
AiM WR_GB 64 0 0x3
AiM MAC_ABK 64 0x3 1560
AiM MAC_ABK 64 0x3 1568
AiM WR_GB 64 0 0x3
AiM MAC_ABK 64 0x3 1561
AiM MAC_ABK 64 0x3 1569
AiM WR_GB 64 0 0x3
AiM MAC_ABK 64 0x3 1562
AiM MAC_ABK 64 0x3 1570
AiM WR_GB 64 0 0x3
AiM MAC_ABK 64 0x3 1563
AiM MAC_ABK 64 0x3 1571
AiM WR_GB 64 0 0x3
AiM MAC_ABK 64 0x3 1564
AiM MAC_ABK 64 0x3 1572
AiM RD_MAC 0 0x3
AiM RD_MAC 0 0x3
AiM WR_GB 64 0 0x3
AiM MAC_ABK 64 0x3 1573
AiM MAC_ABK 64 0x3 1581
AiM WR_GB 64 0 0x3
AiM MAC_ABK 64 0x3 1574
AiM MAC_ABK 64 0x3 1582
AiM WR_GB 64 0 0x3
AiM MAC_ABK 64 0x3 1575
AiM MAC_ABK 64 0x3 1583
AiM WR_GB 64 0 0x3
AiM MAC_ABK 64 0x3 1576
AiM MAC_ABK 64 0x3 1584
AiM WR_GB 64 0 0x3
AiM MAC_ABK 64 0x3 1577
AiM MAC_ABK 64 0x3 1585
AiM WR_GB 64 0 0x3
AiM MAC_ABK 64 0x3 1578
AiM MAC_ABK 64 0x3 1586
AiM WR_GB 64 0 0x3
AiM MAC_ABK 64 0x3 1579
AiM MAC_ABK 64 0x3 1587
AiM WR_GB 64 0 0x3
AiM MAC_ABK 64 0x3 1580
AiM MAC_ABK 64 0x3 1588
AiM RD_MAC 0 0x3
AiM RD_MAC 0 0x3
AiM WR_GB 64 0 0x3
AiM MAC_ABK 64 0x3 1589
AiM MAC_ABK 64 0x3 1597
AiM WR_GB 64 0 0x3
AiM MAC_ABK 64 0x3 1590
AiM MAC_ABK 64 0x3 1598
AiM WR_GB 64 0 0x3
AiM MAC_ABK 64 0x3 1591
AiM MAC_ABK 64 0x3 1599
AiM WR_GB 64 0 0x3
AiM MAC_ABK 64 0x3 1592
AiM MAC_ABK 64 0x3 1600
AiM WR_GB 64 0 0x3
AiM MAC_ABK 64 0x3 1593
AiM MAC_ABK 64 0x3 1601
AiM WR_GB 64 0 0x3
AiM MAC_ABK 64 0x3 1594
AiM MAC_ABK 64 0x3 1602
AiM WR_GB 64 0 0x3
AiM MAC_ABK 64 0x3 1595
AiM MAC_ABK 64 0x3 1603
AiM WR_GB 64 0 0x3
AiM MAC_ABK 64 0x3 1596
AiM MAC_ABK 64 0x3 1604
AiM RD_MAC 0 0x3
AiM RD_MAC 0 0x3
AiM WR_GB 64 0 0x3
AiM MAC_ABK 64 0x3 1605
AiM MAC_ABK 64 0x3 1613
AiM WR_GB 64 0 0x3
AiM MAC_ABK 64 0x3 1606
AiM MAC_ABK 64 0x3 1614
AiM WR_GB 64 0 0x3
AiM MAC_ABK 64 0x3 1607
AiM MAC_ABK 64 0x3 1615
AiM WR_GB 64 0 0x3
AiM MAC_ABK 64 0x3 1608
AiM MAC_ABK 64 0x3 1616
AiM WR_GB 64 0 0x3
AiM MAC_ABK 64 0x3 1609
AiM MAC_ABK 64 0x3 1617
AiM WR_GB 64 0 0x3
AiM MAC_ABK 64 0x3 1610
AiM MAC_ABK 64 0x3 1618
AiM WR_GB 64 0 0x3
AiM MAC_ABK 64 0x3 1611
AiM MAC_ABK 64 0x3 1619
AiM WR_GB 64 0 0x3
AiM MAC_ABK 64 0x3 1612
AiM MAC_ABK 64 0x3 1620
AiM RD_MAC 0 0x3
AiM RD_MAC 0 0x3
AiM WR_GB 64 0 0x3
AiM MAC_ABK 64 0x3 1621
AiM MAC_ABK 64 0x3 1629
AiM WR_GB 64 0 0x3
AiM MAC_ABK 64 0x3 1622
AiM MAC_ABK 64 0x3 1630
AiM WR_GB 64 0 0x3
AiM MAC_ABK 64 0x3 1623
AiM MAC_ABK 64 0x3 1631
AiM WR_GB 64 0 0x3
AiM MAC_ABK 64 0x3 1624
AiM MAC_ABK 64 0x3 1632
AiM WR_GB 64 0 0x3
AiM MAC_ABK 64 0x3 1625
AiM MAC_ABK 64 0x3 1633
AiM WR_GB 64 0 0x3
AiM MAC_ABK 64 0x3 1626
AiM MAC_ABK 64 0x3 1634
AiM WR_GB 64 0 0x3
AiM MAC_ABK 64 0x3 1627
AiM MAC_ABK 64 0x3 1635
AiM WR_GB 64 0 0x3
AiM MAC_ABK 64 0x3 1628
AiM MAC_ABK 64 0x3 1636
AiM RD_MAC 0 0x3
AiM RD_MAC 0 0x3
AiM WR_GB 64 0 0x3
AiM MAC_ABK 64 0x3 1637
AiM MAC_ABK 64 0x3 1645
AiM WR_GB 64 0 0x3
AiM MAC_ABK 64 0x3 1638
AiM MAC_ABK 64 0x3 1646
AiM WR_GB 64 0 0x3
AiM MAC_ABK 64 0x3 1639
AiM MAC_ABK 64 0x3 1647
AiM WR_GB 64 0 0x3
AiM MAC_ABK 64 0x3 1640
AiM MAC_ABK 64 0x3 1648
AiM WR_GB 64 0 0x3
AiM MAC_ABK 64 0x3 1641
AiM MAC_ABK 64 0x3 1649
AiM WR_GB 64 0 0x3
AiM MAC_ABK 64 0x3 1642
AiM MAC_ABK 64 0x3 1650
AiM WR_GB 64 0 0x3
AiM MAC_ABK 64 0x3 1643
AiM MAC_ABK 64 0x3 1651
AiM WR_GB 64 0 0x3
AiM MAC_ABK 64 0x3 1644
AiM MAC_ABK 64 0x3 1652
AiM RD_MAC 0 0x3
AiM RD_MAC 0 0x3
AiM WR_GB 64 0 0x3
AiM MAC_ABK 64 0x3 1653
AiM MAC_ABK 64 0x3 1661
AiM WR_GB 64 0 0x3
AiM MAC_ABK 64 0x3 1654
AiM MAC_ABK 64 0x3 1662
AiM WR_GB 64 0 0x3
AiM MAC_ABK 64 0x3 1655
AiM MAC_ABK 64 0x3 1663
AiM WR_GB 64 0 0x3
AiM MAC_ABK 64 0x3 1656
AiM MAC_ABK 64 0x3 1664
AiM WR_GB 64 0 0x3
AiM MAC_ABK 64 0x3 1657
AiM MAC_ABK 64 0x3 1665
AiM WR_GB 64 0 0x3
AiM MAC_ABK 64 0x3 1658
AiM MAC_ABK 64 0x3 1666
AiM WR_GB 64 0 0x3
AiM MAC_ABK 64 0x3 1659
AiM MAC_ABK 64 0x3 1667
AiM WR_GB 64 0 0x3
AiM MAC_ABK 64 0x3 1660
AiM MAC_ABK 64 0x3 1668
AiM RD_MAC 0 0x3
AiM RD_MAC 0 0x3
AiM WR_GB 64 0 0x3
AiM MAC_ABK 64 0x3 1669
AiM MAC_ABK 64 0x3 1677
AiM WR_GB 64 0 0x3
AiM MAC_ABK 64 0x3 1670
AiM MAC_ABK 64 0x3 1678
AiM WR_GB 64 0 0x3
AiM MAC_ABK 64 0x3 1671
AiM MAC_ABK 64 0x3 1679
AiM WR_GB 64 0 0x3
AiM MAC_ABK 64 0x3 1672
AiM MAC_ABK 64 0x3 1680
AiM WR_GB 64 0 0x3
AiM MAC_ABK 64 0x3 1673
AiM MAC_ABK 64 0x3 1681
AiM WR_GB 64 0 0x3
AiM MAC_ABK 64 0x3 1674
AiM MAC_ABK 64 0x3 1682
AiM WR_GB 64 0 0x3
AiM MAC_ABK 64 0x3 1675
AiM MAC_ABK 64 0x3 1683
AiM WR_GB 64 0 0x3
AiM MAC_ABK 64 0x3 1676
AiM MAC_ABK 64 0x3 1684
AiM RD_MAC 0 0x3
AiM RD_MAC 0 0x3
AiM WR_GB 64 0 0x3
AiM MAC_ABK 64 0x3 1685
AiM MAC_ABK 64 0x3 1693
AiM WR_GB 64 0 0x3
AiM MAC_ABK 64 0x3 1686
AiM MAC_ABK 64 0x3 1694
AiM WR_GB 64 0 0x3
AiM MAC_ABK 64 0x3 1687
AiM MAC_ABK 64 0x3 1695
AiM WR_GB 64 0 0x3
AiM MAC_ABK 64 0x3 1688
AiM MAC_ABK 64 0x3 1696
AiM WR_GB 64 0 0x3
AiM MAC_ABK 64 0x3 1689
AiM MAC_ABK 64 0x3 1697
AiM WR_GB 64 0 0x3
AiM MAC_ABK 64 0x3 1690
AiM MAC_ABK 64 0x3 1698
AiM WR_GB 64 0 0x3
AiM MAC_ABK 64 0x3 1691
AiM MAC_ABK 64 0x3 1699
AiM WR_GB 64 0 0x3
AiM MAC_ABK 64 0x3 1692
AiM MAC_ABK 64 0x3 1700
AiM RD_MAC 0 0x3
AiM RD_MAC 0 0x3
AiM WR_GB 64 0 0x3
AiM MAC_ABK 64 0x3 1701
AiM MAC_ABK 64 0x3 1709
AiM WR_GB 64 0 0x3
AiM MAC_ABK 64 0x3 1702
AiM MAC_ABK 64 0x3 1710
AiM WR_GB 64 0 0x3
AiM MAC_ABK 64 0x3 1703
AiM MAC_ABK 64 0x3 1711
AiM WR_GB 64 0 0x3
AiM MAC_ABK 64 0x3 1704
AiM MAC_ABK 64 0x3 1712
AiM WR_GB 64 0 0x3
AiM MAC_ABK 64 0x3 1705
AiM MAC_ABK 64 0x3 1713
AiM WR_GB 64 0 0x3
AiM MAC_ABK 64 0x3 1706
AiM MAC_ABK 64 0x3 1714
AiM WR_GB 64 0 0x3
AiM MAC_ABK 64 0x3 1707
AiM MAC_ABK 64 0x3 1715
AiM WR_GB 64 0 0x3
AiM MAC_ABK 64 0x3 1708
AiM MAC_ABK 64 0x3 1716
AiM RD_MAC 0 0x3
AiM RD_MAC 0 0x3
AiM WR_GB 64 0 0x3
AiM MAC_ABK 64 0x3 1717
AiM MAC_ABK 64 0x3 1725
AiM WR_GB 64 0 0x3
AiM MAC_ABK 64 0x3 1718
AiM MAC_ABK 64 0x3 1726
AiM WR_GB 64 0 0x3
AiM MAC_ABK 64 0x3 1719
AiM MAC_ABK 64 0x3 1727
AiM WR_GB 64 0 0x3
AiM MAC_ABK 64 0x3 1720
AiM MAC_ABK 64 0x3 1728
AiM WR_GB 64 0 0x3
AiM MAC_ABK 64 0x3 1721
AiM MAC_ABK 64 0x3 1729
AiM WR_GB 64 0 0x3
AiM MAC_ABK 64 0x3 1722
AiM MAC_ABK 64 0x3 1730
AiM WR_GB 64 0 0x3
AiM MAC_ABK 64 0x3 1723
AiM MAC_ABK 64 0x3 1731
AiM WR_GB 64 0 0x3
AiM MAC_ABK 64 0x3 1724
AiM MAC_ABK 64 0x3 1732
AiM RD_MAC 0 0x3
AiM RD_MAC 0 0x3
AiM WR_GB 64 0 0x3
AiM MAC_ABK 64 0x3 1733
AiM MAC_ABK 64 0x3 1741
AiM WR_GB 64 0 0x3
AiM MAC_ABK 64 0x3 1734
AiM MAC_ABK 64 0x3 1742
AiM WR_GB 64 0 0x3
AiM MAC_ABK 64 0x3 1735
AiM MAC_ABK 64 0x3 1743
AiM WR_GB 64 0 0x3
AiM MAC_ABK 64 0x3 1736
AiM MAC_ABK 64 0x3 1744
AiM WR_GB 64 0 0x3
AiM MAC_ABK 64 0x3 1737
AiM MAC_ABK 64 0x3 1745
AiM WR_GB 64 0 0x3
AiM MAC_ABK 64 0x3 1738
AiM MAC_ABK 64 0x3 1746
AiM WR_GB 64 0 0x3
AiM MAC_ABK 64 0x3 1739
AiM MAC_ABK 64 0x3 1747
AiM WR_GB 64 0 0x3
AiM MAC_ABK 64 0x3 1740
AiM MAC_ABK 64 0x3 1748
AiM RD_MAC 0 0x3
AiM RD_MAC 0 0x3
AiM WR_GB 64 0 0x3
AiM MAC_ABK 64 0x3 1749
AiM MAC_ABK 64 0x3 1757
AiM WR_GB 64 0 0x3
AiM MAC_ABK 64 0x3 1750
AiM MAC_ABK 64 0x3 1758
AiM WR_GB 64 0 0x3
AiM MAC_ABK 64 0x3 1751
AiM MAC_ABK 64 0x3 1759
AiM WR_GB 64 0 0x3
AiM MAC_ABK 64 0x3 1752
AiM MAC_ABK 64 0x3 1760
AiM WR_GB 64 0 0x3
AiM MAC_ABK 64 0x3 1753
AiM MAC_ABK 64 0x3 1761
AiM WR_GB 64 0 0x3
AiM MAC_ABK 64 0x3 1754
AiM MAC_ABK 64 0x3 1762
AiM WR_GB 64 0 0x3
AiM MAC_ABK 64 0x3 1755
AiM MAC_ABK 64 0x3 1763
AiM WR_GB 64 0 0x3
AiM MAC_ABK 64 0x3 1756
AiM MAC_ABK 64 0x3 1764
AiM RD_MAC 0 0x3
AiM RD_MAC 0 0x3
AiM WR_GB 64 0 0x3
AiM MAC_ABK 64 0x3 1765
AiM MAC_ABK 64 0x3 1773
AiM WR_GB 64 0 0x3
AiM MAC_ABK 64 0x3 1766
AiM MAC_ABK 64 0x3 1774
AiM WR_GB 64 0 0x3
AiM MAC_ABK 64 0x3 1767
AiM MAC_ABK 64 0x3 1775
AiM WR_GB 64 0 0x3
AiM MAC_ABK 64 0x3 1768
AiM MAC_ABK 64 0x3 1776
AiM WR_GB 64 0 0x3
AiM MAC_ABK 64 0x3 1769
AiM MAC_ABK 64 0x3 1777
AiM WR_GB 64 0 0x3
AiM MAC_ABK 64 0x3 1770
AiM MAC_ABK 64 0x3 1778
AiM WR_GB 64 0 0x3
AiM MAC_ABK 64 0x3 1771
AiM MAC_ABK 64 0x3 1779
AiM WR_GB 64 0 0x3
AiM MAC_ABK 64 0x3 1772
AiM MAC_ABK 64 0x3 1780
AiM RD_MAC 0 0x3
AiM RD_MAC 0 0x3
AiM WR_GB 64 0 0x3
AiM MAC_ABK 64 0x3 1781
AiM MAC_ABK 64 0x3 1789
AiM WR_GB 64 0 0x3
AiM MAC_ABK 64 0x3 1782
AiM MAC_ABK 64 0x3 1790
AiM WR_GB 64 0 0x3
AiM MAC_ABK 64 0x3 1783
AiM MAC_ABK 64 0x3 1791
AiM WR_GB 64 0 0x3
AiM MAC_ABK 64 0x3 1784
AiM MAC_ABK 64 0x3 1792
AiM WR_GB 64 0 0x3
AiM MAC_ABK 64 0x3 1785
AiM MAC_ABK 64 0x3 1793
AiM WR_GB 64 0 0x3
AiM MAC_ABK 64 0x3 1786
AiM MAC_ABK 64 0x3 1794
AiM WR_GB 64 0 0x3
AiM MAC_ABK 64 0x3 1787
AiM MAC_ABK 64 0x3 1795
AiM WR_GB 64 0 0x3
AiM MAC_ABK 64 0x3 1788
AiM MAC_ABK 64 0x3 1796
AiM RD_MAC 0 0x3
AiM RD_MAC 0 0x3
AiM WR_GB 64 0 0x3
AiM MAC_ABK 64 0x3 1797
AiM MAC_ABK 64 0x3 1805
AiM WR_GB 64 0 0x3
AiM MAC_ABK 64 0x3 1798
AiM MAC_ABK 64 0x3 1806
AiM WR_GB 64 0 0x3
AiM MAC_ABK 64 0x3 1799
AiM MAC_ABK 64 0x3 1807
AiM WR_GB 64 0 0x3
AiM MAC_ABK 64 0x3 1800
AiM MAC_ABK 64 0x3 1808
AiM WR_GB 64 0 0x3
AiM MAC_ABK 64 0x3 1801
AiM MAC_ABK 64 0x3 1809
AiM WR_GB 64 0 0x3
AiM MAC_ABK 64 0x3 1802
AiM MAC_ABK 64 0x3 1810
AiM WR_GB 64 0 0x3
AiM MAC_ABK 64 0x3 1803
AiM MAC_ABK 64 0x3 1811
AiM WR_GB 64 0 0x3
AiM MAC_ABK 64 0x3 1804
AiM MAC_ABK 64 0x3 1812
AiM RD_MAC 0 0x3
AiM RD_MAC 0 0x3
AiM WR_GB 64 0 0x3
AiM MAC_ABK 64 0x3 1813
AiM MAC_ABK 64 0x3 1821
AiM WR_GB 64 0 0x3
AiM MAC_ABK 64 0x3 1814
AiM MAC_ABK 64 0x3 1822
AiM WR_GB 64 0 0x3
AiM MAC_ABK 64 0x3 1815
AiM MAC_ABK 64 0x3 1823
AiM WR_GB 64 0 0x3
AiM MAC_ABK 64 0x3 1816
AiM MAC_ABK 64 0x3 1824
AiM WR_GB 64 0 0x3
AiM MAC_ABK 64 0x3 1817
AiM MAC_ABK 64 0x3 1825
AiM WR_GB 64 0 0x3
AiM MAC_ABK 64 0x3 1818
AiM MAC_ABK 64 0x3 1826
AiM WR_GB 64 0 0x3
AiM MAC_ABK 64 0x3 1819
AiM MAC_ABK 64 0x3 1827
AiM WR_GB 64 0 0x3
AiM MAC_ABK 64 0x3 1820
AiM MAC_ABK 64 0x3 1828
AiM RD_MAC 0 0x3
AiM RD_MAC 0 0x3
AiM WR_GB 64 0 0x3
AiM MAC_ABK 64 0x3 1829
AiM MAC_ABK 64 0x3 1837
AiM WR_GB 64 0 0x3
AiM MAC_ABK 64 0x3 1830
AiM MAC_ABK 64 0x3 1838
AiM WR_GB 64 0 0x3
AiM MAC_ABK 64 0x3 1831
AiM MAC_ABK 64 0x3 1839
AiM WR_GB 64 0 0x3
AiM MAC_ABK 64 0x3 1832
AiM MAC_ABK 64 0x3 1840
AiM WR_GB 64 0 0x3
AiM MAC_ABK 64 0x3 1833
AiM MAC_ABK 64 0x3 1841
AiM WR_GB 64 0 0x3
AiM MAC_ABK 64 0x3 1834
AiM MAC_ABK 64 0x3 1842
AiM WR_GB 64 0 0x3
AiM MAC_ABK 64 0x3 1835
AiM MAC_ABK 64 0x3 1843
AiM WR_GB 64 0 0x3
AiM MAC_ABK 64 0x3 1836
AiM MAC_ABK 64 0x3 1844
AiM RD_MAC 0 0x3
AiM RD_MAC 0 0x3
AiM WR_GB 64 0 0x3
AiM MAC_ABK 64 0x3 1845
AiM MAC_ABK 64 0x3 1853
AiM WR_GB 64 0 0x3
AiM MAC_ABK 64 0x3 1846
AiM MAC_ABK 64 0x3 1854
AiM WR_GB 64 0 0x3
AiM MAC_ABK 64 0x3 1847
AiM MAC_ABK 64 0x3 1855
AiM WR_GB 64 0 0x3
AiM MAC_ABK 64 0x3 1848
AiM MAC_ABK 64 0x3 1856
AiM WR_GB 64 0 0x3
AiM MAC_ABK 64 0x3 1849
AiM MAC_ABK 64 0x3 1857
AiM WR_GB 64 0 0x3
AiM MAC_ABK 64 0x3 1850
AiM MAC_ABK 64 0x3 1858
AiM WR_GB 64 0 0x3
AiM MAC_ABK 64 0x3 1851
AiM MAC_ABK 64 0x3 1859
AiM WR_GB 64 0 0x3
AiM MAC_ABK 64 0x3 1852
AiM MAC_ABK 64 0x3 1860
AiM RD_MAC 0 0x3
AiM RD_MAC 0 0x3
AiM WR_GB 64 0 0x3
AiM MAC_ABK 64 0x3 1861
AiM MAC_ABK 64 0x3 1869
AiM WR_GB 64 0 0x3
AiM MAC_ABK 64 0x3 1862
AiM MAC_ABK 64 0x3 1870
AiM WR_GB 64 0 0x3
AiM MAC_ABK 64 0x3 1863
AiM MAC_ABK 64 0x3 1871
AiM WR_GB 64 0 0x3
AiM MAC_ABK 64 0x3 1864
AiM MAC_ABK 64 0x3 1872
AiM WR_GB 64 0 0x3
AiM MAC_ABK 64 0x3 1865
AiM MAC_ABK 64 0x3 1873
AiM WR_GB 64 0 0x3
AiM MAC_ABK 64 0x3 1866
AiM MAC_ABK 64 0x3 1874
AiM WR_GB 64 0 0x3
AiM MAC_ABK 64 0x3 1867
AiM MAC_ABK 64 0x3 1875
AiM WR_GB 64 0 0x3
AiM MAC_ABK 64 0x3 1868
AiM MAC_ABK 64 0x3 1876
AiM RD_MAC 0 0x3
AiM RD_MAC 0 0x3
AiM WR_GB 64 0 0x3
AiM MAC_ABK 64 0x3 1877
AiM MAC_ABK 64 0x3 1885
AiM WR_GB 64 0 0x3
AiM MAC_ABK 64 0x3 1878
AiM MAC_ABK 64 0x3 1886
AiM WR_GB 64 0 0x3
AiM MAC_ABK 64 0x3 1879
AiM MAC_ABK 64 0x3 1887
AiM WR_GB 64 0 0x3
AiM MAC_ABK 64 0x3 1880
AiM MAC_ABK 64 0x3 1888
AiM WR_GB 64 0 0x3
AiM MAC_ABK 64 0x3 1881
AiM MAC_ABK 64 0x3 1889
AiM WR_GB 64 0 0x3
AiM MAC_ABK 64 0x3 1882
AiM MAC_ABK 64 0x3 1890
AiM WR_GB 64 0 0x3
AiM MAC_ABK 64 0x3 1883
AiM MAC_ABK 64 0x3 1891
AiM WR_GB 64 0 0x3
AiM MAC_ABK 64 0x3 1884
AiM MAC_ABK 64 0x3 1892
AiM RD_MAC 0 0x3
AiM RD_MAC 0 0x3
AiM WR_GB 64 0 0x3
AiM MAC_ABK 64 0x3 1893
AiM MAC_ABK 64 0x3 1901
AiM WR_GB 64 0 0x3
AiM MAC_ABK 64 0x3 1894
AiM MAC_ABK 64 0x3 1902
AiM WR_GB 64 0 0x3
AiM MAC_ABK 64 0x3 1895
AiM MAC_ABK 64 0x3 1903
AiM WR_GB 64 0 0x3
AiM MAC_ABK 64 0x3 1896
AiM MAC_ABK 64 0x3 1904
AiM WR_GB 64 0 0x3
AiM MAC_ABK 64 0x3 1897
AiM MAC_ABK 64 0x3 1905
AiM WR_GB 64 0 0x3
AiM MAC_ABK 64 0x3 1898
AiM MAC_ABK 64 0x3 1906
AiM WR_GB 64 0 0x3
AiM MAC_ABK 64 0x3 1899
AiM MAC_ABK 64 0x3 1907
AiM WR_GB 64 0 0x3
AiM MAC_ABK 64 0x3 1900
AiM MAC_ABK 64 0x3 1908
AiM RD_MAC 0 0x3
AiM RD_MAC 0 0x3
AiM WR_GB 64 0 0x3
AiM MAC_ABK 64 0x3 1909
AiM MAC_ABK 64 0x3 1917
AiM WR_GB 64 0 0x3
AiM MAC_ABK 64 0x3 1910
AiM MAC_ABK 64 0x3 1918
AiM WR_GB 64 0 0x3
AiM MAC_ABK 64 0x3 1911
AiM MAC_ABK 64 0x3 1919
AiM WR_GB 64 0 0x3
AiM MAC_ABK 64 0x3 1912
AiM MAC_ABK 64 0x3 1920
AiM WR_GB 64 0 0x3
AiM MAC_ABK 64 0x3 1913
AiM MAC_ABK 64 0x3 1921
AiM WR_GB 64 0 0x3
AiM MAC_ABK 64 0x3 1914
AiM MAC_ABK 64 0x3 1922
AiM WR_GB 64 0 0x3
AiM MAC_ABK 64 0x3 1915
AiM MAC_ABK 64 0x3 1923
AiM WR_GB 64 0 0x3
AiM MAC_ABK 64 0x3 1916
AiM MAC_ABK 64 0x3 1924
AiM RD_MAC 0 0x3
AiM RD_MAC 0 0x3
AiM WR_GB 64 0 0x3
AiM MAC_ABK 64 0x3 1925
AiM MAC_ABK 64 0x3 1933
AiM WR_GB 64 0 0x3
AiM MAC_ABK 64 0x3 1926
AiM MAC_ABK 64 0x3 1934
AiM WR_GB 64 0 0x3
AiM MAC_ABK 64 0x3 1927
AiM MAC_ABK 64 0x3 1935
AiM WR_GB 64 0 0x3
AiM MAC_ABK 64 0x3 1928
AiM MAC_ABK 64 0x3 1936
AiM WR_GB 64 0 0x3
AiM MAC_ABK 64 0x3 1929
AiM MAC_ABK 64 0x3 1937
AiM WR_GB 64 0 0x3
AiM MAC_ABK 64 0x3 1930
AiM MAC_ABK 64 0x3 1938
AiM WR_GB 64 0 0x3
AiM MAC_ABK 64 0x3 1931
AiM MAC_ABK 64 0x3 1939
AiM WR_GB 64 0 0x3
AiM MAC_ABK 64 0x3 1932
AiM MAC_ABK 64 0x3 1940
AiM RD_MAC 0 0x3
AiM RD_MAC 0 0x3
AiM WR_GB 64 0 0x3
AiM MAC_ABK 64 0x3 1941
AiM MAC_ABK 64 0x3 1949
AiM WR_GB 64 0 0x3
AiM MAC_ABK 64 0x3 1942
AiM MAC_ABK 64 0x3 1950
AiM WR_GB 64 0 0x3
AiM MAC_ABK 64 0x3 1943
AiM MAC_ABK 64 0x3 1951
AiM WR_GB 64 0 0x3
AiM MAC_ABK 64 0x3 1944
AiM MAC_ABK 64 0x3 1952
AiM WR_GB 64 0 0x3
AiM MAC_ABK 64 0x3 1945
AiM MAC_ABK 64 0x3 1953
AiM WR_GB 64 0 0x3
AiM MAC_ABK 64 0x3 1946
AiM MAC_ABK 64 0x3 1954
AiM WR_GB 64 0 0x3
AiM MAC_ABK 64 0x3 1947
AiM MAC_ABK 64 0x3 1955
AiM WR_GB 64 0 0x3
AiM MAC_ABK 64 0x3 1948
AiM MAC_ABK 64 0x3 1956
AiM RD_MAC 0 0x3
AiM RD_MAC 0 0x3
AiM WR_GB 64 0 0x3
AiM MAC_ABK 64 0x3 1957
AiM MAC_ABK 64 0x3 1965
AiM WR_GB 64 0 0x3
AiM MAC_ABK 64 0x3 1958
AiM MAC_ABK 64 0x3 1966
AiM WR_GB 64 0 0x3
AiM MAC_ABK 64 0x3 1959
AiM MAC_ABK 64 0x3 1967
AiM WR_GB 64 0 0x3
AiM MAC_ABK 64 0x3 1960
AiM MAC_ABK 64 0x3 1968
AiM WR_GB 64 0 0x3
AiM MAC_ABK 64 0x3 1961
AiM MAC_ABK 64 0x3 1969
AiM WR_GB 64 0 0x3
AiM MAC_ABK 64 0x3 1962
AiM MAC_ABK 64 0x3 1970
AiM WR_GB 64 0 0x3
AiM MAC_ABK 64 0x3 1963
AiM MAC_ABK 64 0x3 1971
AiM WR_GB 64 0 0x3
AiM MAC_ABK 64 0x3 1964
AiM MAC_ABK 64 0x3 1972
AiM RD_MAC 0 0x3
AiM RD_MAC 0 0x3
AiM WR_GB 64 0 0x3
AiM MAC_ABK 64 0x3 1973
AiM MAC_ABK 64 0x3 1981
AiM WR_GB 64 0 0x3
AiM MAC_ABK 64 0x3 1974
AiM MAC_ABK 64 0x3 1982
AiM WR_GB 64 0 0x3
AiM MAC_ABK 64 0x3 1975
AiM MAC_ABK 64 0x3 1983
AiM WR_GB 64 0 0x3
AiM MAC_ABK 64 0x3 1976
AiM MAC_ABK 64 0x3 1984
AiM WR_GB 64 0 0x3
AiM MAC_ABK 64 0x3 1977
AiM MAC_ABK 64 0x3 1985
AiM WR_GB 64 0 0x3
AiM MAC_ABK 64 0x3 1978
AiM MAC_ABK 64 0x3 1986
AiM WR_GB 64 0 0x3
AiM MAC_ABK 64 0x3 1979
AiM MAC_ABK 64 0x3 1987
AiM WR_GB 64 0 0x3
AiM MAC_ABK 64 0x3 1980
AiM MAC_ABK 64 0x3 1988
AiM RD_MAC 0 0x3
AiM RD_MAC 0 0x3
AiM WR_GB 64 0 0x3
AiM MAC_ABK 64 0x3 1989
AiM MAC_ABK 64 0x3 1997
AiM WR_GB 64 0 0x3
AiM MAC_ABK 64 0x3 1990
AiM MAC_ABK 64 0x3 1998
AiM WR_GB 64 0 0x3
AiM MAC_ABK 64 0x3 1991
AiM MAC_ABK 64 0x3 1999
AiM WR_GB 64 0 0x3
AiM MAC_ABK 64 0x3 1992
AiM MAC_ABK 64 0x3 2000
AiM WR_GB 64 0 0x3
AiM MAC_ABK 64 0x3 1993
AiM MAC_ABK 64 0x3 2001
AiM WR_GB 64 0 0x3
AiM MAC_ABK 64 0x3 1994
AiM MAC_ABK 64 0x3 2002
AiM WR_GB 64 0 0x3
AiM MAC_ABK 64 0x3 1995
AiM MAC_ABK 64 0x3 2003
AiM WR_GB 64 0 0x3
AiM MAC_ABK 64 0x3 1996
AiM MAC_ABK 64 0x3 2004
AiM RD_MAC 0 0x3
AiM RD_MAC 0 0x3
AiM WR_GB 64 0 0x3
AiM MAC_ABK 64 0x3 2005
AiM MAC_ABK 64 0x3 2013
AiM WR_GB 64 0 0x3
AiM MAC_ABK 64 0x3 2006
AiM MAC_ABK 64 0x3 2014
AiM WR_GB 64 0 0x3
AiM MAC_ABK 64 0x3 2007
AiM MAC_ABK 64 0x3 2015
AiM WR_GB 64 0 0x3
AiM MAC_ABK 64 0x3 2008
AiM MAC_ABK 64 0x3 2016
AiM WR_GB 64 0 0x3
AiM MAC_ABK 64 0x3 2009
AiM MAC_ABK 64 0x3 2017
AiM WR_GB 64 0 0x3
AiM MAC_ABK 64 0x3 2010
AiM MAC_ABK 64 0x3 2018
AiM WR_GB 64 0 0x3
AiM MAC_ABK 64 0x3 2011
AiM MAC_ABK 64 0x3 2019
AiM WR_GB 64 0 0x3
AiM MAC_ABK 64 0x3 2012
AiM MAC_ABK 64 0x3 2020
AiM RD_MAC 0 0x3
AiM RD_MAC 0 0x3
AiM WR_GB 64 0 0x3
AiM MAC_ABK 64 0x3 2021
AiM MAC_ABK 64 0x3 2029
AiM WR_GB 64 0 0x3
AiM MAC_ABK 64 0x3 2022
AiM MAC_ABK 64 0x3 2030
AiM WR_GB 64 0 0x3
AiM MAC_ABK 64 0x3 2023
AiM MAC_ABK 64 0x3 2031
AiM WR_GB 64 0 0x3
AiM MAC_ABK 64 0x3 2024
AiM MAC_ABK 64 0x3 2032
AiM WR_GB 64 0 0x3
AiM MAC_ABK 64 0x3 2025
AiM MAC_ABK 64 0x3 2033
AiM WR_GB 64 0 0x3
AiM MAC_ABK 64 0x3 2026
AiM MAC_ABK 64 0x3 2034
AiM WR_GB 64 0 0x3
AiM MAC_ABK 64 0x3 2027
AiM MAC_ABK 64 0x3 2035
AiM WR_GB 64 0 0x3
AiM MAC_ABK 64 0x3 2028
AiM MAC_ABK 64 0x3 2036
AiM RD_MAC 0 0x3
AiM RD_MAC 0 0x3
AiM WR_GB 64 0 0x3
AiM MAC_ABK 64 0x3 2037
AiM MAC_ABK 64 0x3 2045
AiM WR_GB 64 0 0x3
AiM MAC_ABK 64 0x3 2038
AiM MAC_ABK 64 0x3 2046
AiM WR_GB 64 0 0x3
AiM MAC_ABK 64 0x3 2039
AiM MAC_ABK 64 0x3 2047
AiM WR_GB 64 0 0x3
AiM MAC_ABK 64 0x3 2040
AiM MAC_ABK 64 0x3 2048
AiM WR_GB 64 0 0x3
AiM MAC_ABK 64 0x3 2041
AiM MAC_ABK 64 0x3 2049
AiM WR_GB 64 0 0x3
AiM MAC_ABK 64 0x3 2042
AiM MAC_ABK 64 0x3 2050
AiM WR_GB 64 0 0x3
AiM MAC_ABK 64 0x3 2043
AiM MAC_ABK 64 0x3 2051
AiM WR_GB 64 0 0x3
AiM MAC_ABK 64 0x3 2044
AiM MAC_ABK 64 0x3 2052
AiM RD_MAC 0 0x3
AiM RD_MAC 0 0x3
AiM WR_GB 64 0 0x3
AiM MAC_ABK 64 0x3 2053
AiM MAC_ABK 64 0x3 2061
AiM WR_GB 64 0 0x3
AiM MAC_ABK 64 0x3 2054
AiM MAC_ABK 64 0x3 2062
AiM WR_GB 64 0 0x3
AiM MAC_ABK 64 0x3 2055
AiM MAC_ABK 64 0x3 2063
AiM WR_GB 64 0 0x3
AiM MAC_ABK 64 0x3 2056
AiM MAC_ABK 64 0x3 2064
AiM WR_GB 64 0 0x3
AiM MAC_ABK 64 0x3 2057
AiM MAC_ABK 64 0x3 2065
AiM WR_GB 64 0 0x3
AiM MAC_ABK 64 0x3 2058
AiM MAC_ABK 64 0x3 2066
AiM WR_GB 64 0 0x3
AiM MAC_ABK 64 0x3 2059
AiM MAC_ABK 64 0x3 2067
AiM WR_GB 64 0 0x3
AiM MAC_ABK 64 0x3 2060
AiM MAC_ABK 64 0x3 2068
AiM RD_MAC 0 0x3
AiM RD_MAC 0 0x3
AiM EOC
